<html>
<body>
<pre>
<h1>µVision Build Log</h1>
<h2>Tool Versions:</h2>
IDE-Version: ¦ÌVision V5.24.2.86
Copyright (C) 2017 ARM Ltd and ARM Germany GmbH. All rights reserved.
License Information: 1 1224909360@qq.com, 1, LIC=FQQEV-PDVNA-ZDAK6-DKBZA-7GG9Y-YH7VC
 
Tool Versions:
Toolchain:       MDK-ARM Professional  Version: 5.18
Toolchain Path:  D:\Keil_v5\ARM\ARMCC\Bin
C Compiler:      Armcc.exe V5.06 update 1 (build 61)
Assembler:       Armasm.exe V5.06 update 1 (build 61)
Linker/Locator:  ArmLink.exe V5.06 update 1 (build 61)
Library Manager: ArmAr.exe V5.06 update 1 (build 61)
Hex Converter:   FromElf.exe V5.06 update 1 (build 61)
CPU DLL:         
Dialog DLL:      
Target DLL:      Segger\JL2CM3.dll V2.99.18.0
Dialog DLL:      TCM.DLL V1.14.8.0
 
<h2>Project:</h2>
D:\MyProject\PJ_FreeRTOS\nRF52_mesh\nRF5_SDK_17.1.0_ddde560\examples\peripheral\blinky_freertos\pca10040\blank\arm5_no_packs\blinky_FreeRTOS_pca10040.uvprojx
Project File Date:  02/07/2023

<h2>Output:</h2>
*** Using Compiler 'V5.06 update 1 (build 61)', folder: 'D:\Keil_v5\ARM\ARMCC\Bin'
Rebuild target 'nrf52832_xxaa'
compiling nrf_nvic.c...
compiling port.c...
compiling heap_1.c...
compiling event_groups.c...
compiling timers.c...
compiling stream_buffer.c...
compiling port_cmsis.c...
compiling croutine.c...
compiling list.c...
compiling boards.c...
compiling port_cmsis_systick.c...
compiling queue.c...
compiling nrf_drv_clock.c...
compiling tasks.c...
compiling main.c...
compiling bsp.c...
compiling nrf_soc.c...
compiling app_error.c...
compiling app_util_platform.c...
compiling nrfx_atomic.c...
compiling nrf_assert.c...
assembling arm_startup_nrf52.s...
compiling nrfx_clock.c...
compiling app_error_handler_keil.c...
compiling app_error_weak.c...
compiling nrf_fprintf.c...
compiling nrf_atomic.c...
compiling app_timer_freertos.c...
compiling nrf_fprintf_format.c...
compiling nrf_balloc.c...
compiling app_button.c...
compiling nrfx_gpiote.c...
compiling nrf_memobj.c...
compiling nrf_ringbuf.c...
compiling system_nrf52.c...
compiling nrf_log_str_formatter.c...
compiling nrf_log_frontend.c...
compiling nrf_strerror.c...
linking...
Program Size: Code=7208 RO-data=560 RW-data=116 ZI-data=12620  
FromELF: creating hex file...
".\_build\nrf52832_xxaa.axf" - 0 Error(s), 0 Warning(s).

<h2>Software Packages used:</h2>

Package Vendor: ARM
                http://www.keil.com/pack/ARM.CMSIS.4.5.0.pack
                ARM.CMSIS.4.5.0
                CMSIS (Cortex Microcontroller Software Interface Standard)
   * Component: CORE Version: 4.3.0

Package Vendor: NordicSemiconductor
                http://developer.nordicsemi.com/nRF5_SDK/pieces/nRF_DeviceFamilyPack/NordicSemiconductor.nRF_DeviceFamilyPack.8.17.0.pack
                NordicSemiconductor.nRF_DeviceFamilyPack.8.17.0
                Nordic Semiconductor nRF ARM devices Device Family Pack with Nordic License.
   * Component: Startup Version: 8.17.0

<h2>Collection of Component include folders:</h2>
  .\RTE\_nrf52832_xxaa
  d:\Keil_v5\ARM\PACK\ARM\CMSIS\4.5.0\CMSIS\Include
  d:\Keil_v5\ARM\PACK\NordicSemiconductor\nRF_DeviceFamilyPack\8.17.0\Device\Include

<h2>Collection of Component Files used:</h2>

   * Component: NordicSemiconductor::Device:Startup:8.17.0
      Include file:  Device\Include\system_nrf52.h
      Source file:   Device\Source\arm\arm_startup_nrf52.s
      Source file:   Device\Source\system_nrf52.c

   * Component: ARM::CMSIS:CORE:4.3.0
Build Time Elapsed:  00:00:10
</pre>
</body>
</html>
