Component: ARM Compiler 5.06 update 1 (build 61) Tool: armlink [4d35a8]

==============================================================================

Section Cross References

    main.o(i.led_toggle_task_function) refers to boards.o(i.bsp_board_led_invert) for bsp_board_led_invert
    main.o(i.led_toggle_task_function) refers to tasks.o(i.vTaskDelay) for vTaskDelay
    main.o(i.led_toggle_timer_callback) refers to boards.o(i.bsp_board_led_invert) for bsp_board_led_invert
    main.o(i.main) refers to nrf_drv_clock.o(i.nrf_drv_clock_init) for nrf_drv_clock_init
    main.o(i.main) refers to app_error.o(i.app_error_handler_bare) for app_error_handler_bare
    main.o(i.main) refers to boards.o(i.bsp_board_init) for bsp_board_init
    main.o(i.main) refers to tasks.o(i.xTaskCreate) for xTaskCreate
    main.o(i.main) refers to timers.o(i.xTimerCreate) for xTimerCreate
    main.o(i.main) refers to tasks.o(i.xTaskGetTickCount) for xTaskGetTickCount
    main.o(i.main) refers to timers.o(i.xTimerGenericCommand) for xTimerGenericCommand
    main.o(i.main) refers to tasks.o(i.vTaskStartScheduler) for vTaskStartScheduler
    main.o(i.main) refers to main.o(.data) for .data
    main.o(i.main) refers to main.o(i.led_toggle_task_function) for led_toggle_task_function
    main.o(i.main) refers to main.o(i.led_toggle_timer_callback) for led_toggle_timer_callback
    boards.o(i.bsp_board_button_idx_to_pin) refers to boards.o(.constdata) for .constdata
    boards.o(i.bsp_board_button_state_get) refers to boards.o(.constdata) for .constdata
    boards.o(i.bsp_board_init) refers to boards.o(i.nrf_gpio_cfg) for nrf_gpio_cfg
    boards.o(i.bsp_board_init) refers to boards.o(i.bsp_board_leds_off) for bsp_board_leds_off
    boards.o(i.bsp_board_init) refers to boards.o(.constdata) for .constdata
    boards.o(i.bsp_board_led_idx_to_pin) refers to boards.o(.constdata) for .constdata
    boards.o(i.bsp_board_led_invert) refers to boards.o(.constdata) for .constdata
    boards.o(i.bsp_board_led_off) refers to boards.o(i.nrf_gpio_pin_write) for nrf_gpio_pin_write
    boards.o(i.bsp_board_led_off) refers to boards.o(.constdata) for .constdata
    boards.o(i.bsp_board_led_on) refers to boards.o(i.nrf_gpio_pin_write) for nrf_gpio_pin_write
    boards.o(i.bsp_board_led_on) refers to boards.o(.constdata) for .constdata
    boards.o(i.bsp_board_led_state_get) refers to boards.o(.constdata) for .constdata
    boards.o(i.bsp_board_leds_off) refers to boards.o(i.bsp_board_led_off) for bsp_board_led_off
    boards.o(i.bsp_board_leds_on) refers to boards.o(i.bsp_board_led_on) for bsp_board_led_on
    boards.o(i.bsp_board_pin_to_button_idx) refers to boards.o(.constdata) for .constdata
    boards.o(i.bsp_board_pin_to_led_idx) refers to boards.o(.constdata) for .constdata
    bsp.o(i.alert_timer_handler) refers to boards.o(i.bsp_board_led_invert) for bsp_board_led_invert
    bsp.o(i.bsp_button_event_handler) refers to boards.o(i.bsp_board_pin_to_button_idx) for bsp_board_pin_to_button_idx
    bsp.o(i.bsp_button_event_handler) refers to app_timer_freertos.o(i.app_timer_start) for app_timer_start
    bsp.o(i.bsp_button_event_handler) refers to app_timer_freertos.o(i.app_timer_stop) for app_timer_stop
    bsp.o(i.bsp_button_event_handler) refers to bsp.o(.constdata) for .constdata
    bsp.o(i.bsp_button_event_handler) refers to bsp.o(.data) for .data
    bsp.o(i.bsp_button_event_handler) refers to bsp.o(.bss) for .bss
    bsp.o(i.bsp_button_is_pressed) refers to boards.o(i.bsp_board_button_state_get) for bsp_board_button_state_get
    bsp.o(i.bsp_buttons_disable) refers to app_button.o(i.app_button_disable) for app_button_disable
    bsp.o(i.bsp_buttons_enable) refers to app_button.o(i.app_button_enable) for app_button_enable
    bsp.o(i.bsp_event_to_button_action_assign) refers to bsp.o(.bss) for .bss
    bsp.o(i.bsp_indication_set) refers to bsp.o(i.bsp_led_indication) for bsp_led_indication
    bsp.o(i.bsp_indication_set) refers to bsp.o(.data) for .data
    bsp.o(i.bsp_init) refers to bsp.o(i.bsp_event_to_button_action_assign) for bsp_event_to_button_action_assign
    bsp.o(i.bsp_init) refers to app_button.o(i.app_button_init) for app_button_init
    bsp.o(i.bsp_init) refers to app_button.o(i.app_button_enable) for app_button_enable
    bsp.o(i.bsp_init) refers to app_timer_freertos.o(i.app_timer_create) for app_timer_create
    bsp.o(i.bsp_init) refers to boards.o(i.bsp_board_init) for bsp_board_init
    bsp.o(i.bsp_init) refers to bsp.o(.data) for .data
    bsp.o(i.bsp_init) refers to bsp.o(.constdata) for .constdata
    bsp.o(i.bsp_init) refers to bsp.o(i.button_timer_handler) for button_timer_handler
    bsp.o(i.bsp_init) refers to bsp.o(i.leds_timer_handler) for leds_timer_handler
    bsp.o(i.bsp_init) refers to bsp.o(i.alert_timer_handler) for alert_timer_handler
    bsp.o(i.bsp_led_indication) refers to bsp.o(i.leds_off) for leds_off
    bsp.o(i.bsp_led_indication) refers to app_timer_freertos.o(i.app_timer_stop) for app_timer_stop
[...]
    entry.o(.ARM.Collect$$$$00000000) refers (Special) to entry5.o(.ARM.Collect$$$$00000004) for _main_scatterload
    entry.o(.ARM.Collect$$$$00000000) refers (Special) to entry2.o(.ARM.Collect$$$$00000001) for _main_stk
    entry2.o(.ARM.Collect$$$$00000001) refers to entry2.o(.ARM.Collect$$$$00002712) for __lit__00000000
    entry2.o(.ARM.Collect$$$$00002712) refers to arm_startup_nrf52.o(STACK) for __initial_sp
    entry2.o(__vectab_stack_and_reset_area) refers to arm_startup_nrf52.o(STACK) for __initial_sp
    entry2.o(__vectab_stack_and_reset_area) refers to entry.o(.ARM.Collect$$$$00000000) for __main
    entry5.o(.ARM.Collect$$$$00000004) refers to init.o(.text) for __scatterload
    entry9a.o(.ARM.Collect$$$$0000000B) refers to main.o(i.main) for main
    entry9b.o(.ARM.Collect$$$$0000000C) refers to main.o(i.main) for main
    init.o(.text) refers to entry5.o(.ARM.Collect$$$$00000004) for __main_after_scatterload


==============================================================================

Removing Unused input sections from the image.

    Removing main.o(.rev16_text), (4 bytes).
    Removing main.o(.revsh_text), (4 bytes).
    Removing main.o(.rrx_text), (6 bytes).
    Removing boards.o(.rev16_text), (4 bytes).
    Removing boards.o(.revsh_text), (4 bytes).
    Removing boards.o(.rrx_text), (6 bytes).
    Removing boards.o(i.bsp_board_button_idx_to_pin), (12 bytes).
    Removing boards.o(i.bsp_board_button_state_get), (32 bytes).
    Removing boards.o(i.bsp_board_led_idx_to_pin), (12 bytes).
    Removing boards.o(i.bsp_board_led_on), (16 bytes).
    Removing boards.o(i.bsp_board_led_state_get), (32 bytes).
    Removing boards.o(i.bsp_board_leds_on), (18 bytes).
    Removing boards.o(i.bsp_board_pin_to_button_idx), (36 bytes).
    Removing boards.o(i.bsp_board_pin_to_led_idx), (36 bytes).
    Removing bsp.o(.rev16_text), (4 bytes).
    Removing bsp.o(.revsh_text), (4 bytes).
    Removing bsp.o(.rrx_text), (6 bytes).
    Removing bsp.o(i.alert_timer_handler), (6 bytes).
    Removing bsp.o(i.bsp_button_event_handler), (144 bytes).
    Removing bsp.o(i.bsp_button_is_pressed), (12 bytes).
    Removing bsp.o(i.bsp_buttons_disable), (4 bytes).
    Removing bsp.o(i.bsp_buttons_enable), (4 bytes).
    Removing bsp.o(i.bsp_event_to_button_action_assign), (68 bytes).
    Removing bsp.o(i.bsp_indication_set), (24 bytes).
    Removing bsp.o(i.bsp_init), (148 bytes).
    Removing bsp.o(i.bsp_led_indication), (424 bytes).
    Removing bsp.o(i.bsp_wakeup_button_disable), (6 bytes).
    Removing bsp.o(i.bsp_wakeup_button_enable), (6 bytes).
    Removing bsp.o(i.button_timer_handler), (8 bytes).
    Removing bsp.o(i.leds_off), (48 bytes).
    Removing bsp.o(i.leds_timer_handler), (20 bytes).
    Removing bsp.o(i.wakeup_button_cfg), (58 bytes).
    Removing bsp.o(.bss), (32 bytes).
    Removing bsp.o(.bss), (32 bytes).
    Removing bsp.o(.bss), (12 bytes).
    Removing bsp.o(.bss), (32 bytes).
    Removing bsp.o(.constdata), (44 bytes).
    Removing bsp.o(.data), (16 bytes).
    Removing croutine.o(.rev16_text), (4 bytes).
    Removing croutine.o(.revsh_text), (4 bytes).
    Removing croutine.o(.rrx_text), (6 bytes).
    Removing event_groups.o(.rev16_text), (4 bytes).
    Removing event_groups.o(.revsh_text), (4 bytes).
    Removing event_groups.o(.rrx_text), (6 bytes).
    Removing event_groups.o(i.prvTestWaitCondition), (20 bytes).
    Removing event_groups.o(i.vEventGroupClearBitsCallback), (4 bytes).
    Removing event_groups.o(i.vEventGroupDelete), (44 bytes).
    Removing event_groups.o(i.vEventGroupSetBitsCallback), (4 bytes).
    Removing event_groups.o(i.xEventGroupClearBits), (26 bytes).
    Removing event_groups.o(i.xEventGroupCreate), (26 bytes).
    Removing event_groups.o(i.xEventGroupGetBitsFromISR), (20 bytes).
    Removing event_groups.o(i.xEventGroupSetBits), (100 bytes).
    Removing event_groups.o(i.xEventGroupSync), (140 bytes).
    Removing event_groups.o(i.xEventGroupWaitBits), (180 bytes).
    Removing heap_1.o(.rev16_text), (4 bytes).
    Removing heap_1.o(.revsh_text), (4 bytes).
    Removing heap_1.o(.rrx_text), (6 bytes).
    Removing heap_1.o(i.vPortInitialiseBlocks), (12 bytes).
    Removing heap_1.o(i.xPortGetFreeHeapSize), (16 bytes).
    Removing list.o(.rev16_text), (4 bytes).
    Removing list.o(.revsh_text), (4 bytes).
    Removing list.o(.rrx_text), (6 bytes).
    Removing port.o(.rev16_text), (4 bytes).
    Removing port.o(.revsh_text), (4 bytes).
    Removing port.o(.rrx_text), (6 bytes).
    Removing port_cmsis.o(.rev16_text), (4 bytes).
    Removing port_cmsis.o(.revsh_text), (4 bytes).
    Removing port_cmsis.o(.rrx_text), (6 bytes).
    Removing port_cmsis.o(i.vPortEndScheduler), (2 bytes).
    Removing port_cmsis_systick.o(.rev16_text), (4 bytes).
    Removing port_cmsis_systick.o(.revsh_text), (4 bytes).
    Removing port_cmsis_systick.o(.rrx_text), (6 bytes).
    Removing queue.o(.rev16_text), (4 bytes).
    Removing queue.o(.revsh_text), (4 bytes).
    Removing queue.o(.rrx_text), (6 bytes).
    Removing queue.o(i.pcQueueGetName), (40 bytes).
    Removing queue.o(i.uxQueueMessagesWaiting), (18 bytes).
    Removing queue.o(i.uxQueueMessagesWaitingFromISR), (4 bytes).
    Removing queue.o(i.uxQueueSpacesAvailable), (22 bytes).
    Removing queue.o(i.vQueueDelete), (18 bytes).
    Removing queue.o(i.vQueueUnregisterQueue), (40 bytes).
    Removing queue.o(i.xQueueCreateCountingSemaphore), (20 bytes).
    Removing queue.o(i.xQueueCreateMutex), (36 bytes).
    Removing queue.o(i.xQueueGiveFromISR), (80 bytes).
    Removing queue.o(i.xQueueGiveMutexRecursive), (42 bytes).
    Removing queue.o(i.xQueueIsQueueEmptyFromISR), (12 bytes).
    Removing queue.o(i.xQueueIsQueueFullFromISR), (16 bytes).
    Removing queue.o(i.xQueuePeek), (236 bytes).
    Removing queue.o(i.xQueuePeekFromISR), (42 bytes).
    Removing queue.o(i.xQueueReceiveFromISR), (94 bytes).
    Removing queue.o(i.xQueueSemaphoreTake), (300 bytes).
    Removing queue.o(i.xQueueTakeMutexRecursive), (46 bytes).
    Removing stream_buffer.o(.rev16_text), (4 bytes).
    Removing stream_buffer.o(.revsh_text), (4 bytes).
    Removing stream_buffer.o(.rrx_text), (6 bytes).
    Removing stream_buffer.o(i.prvBytesInBuffer), (18 bytes).
    Removing stream_buffer.o(i.prvInitialiseNewStreamBuffer), (46 bytes).
    Removing stream_buffer.o(i.prvReadBytesFromBuffer), (80 bytes).
    Removing stream_buffer.o(i.prvReadMessageFromBuffer), (66 bytes).
    Removing stream_buffer.o(i.prvWriteBytesToBuffer), (66 bytes).
    Removing stream_buffer.o(i.prvWriteMessageToBuffer), (60 bytes).
    Removing stream_buffer.o(i.ulPortRaiseBASEPRI), (12 bytes).
    Removing stream_buffer.o(i.vStreamBufferDelete), (16 bytes).
    Removing stream_buffer.o(i.xStreamBufferBytesAvailable), (4 bytes).
    Removing stream_buffer.o(i.xStreamBufferGenericCreate), (42 bytes).
    Removing stream_buffer.o(i.xStreamBufferIsEmpty), (16 bytes).
    Removing stream_buffer.o(i.xStreamBufferIsFull), (30 bytes).
    Removing stream_buffer.o(i.xStreamBufferReceive), (152 bytes).
    Removing stream_buffer.o(i.xStreamBufferReceiveCompletedFromISR), (44 bytes).
    Removing stream_buffer.o(i.xStreamBufferReceiveFromISR), (94 bytes).
    Removing stream_buffer.o(i.xStreamBufferReset), (38 bytes).
    Removing stream_buffer.o(i.xStreamBufferSend), (178 bytes).
    Removing stream_buffer.o(i.xStreamBufferSendCompletedFromISR), (44 bytes).
    Removing stream_buffer.o(i.xStreamBufferSendFromISR), (94 bytes).
    Removing stream_buffer.o(i.xStreamBufferSetTriggerLevel), (20 bytes).
    Removing stream_buffer.o(i.xStreamBufferSpacesAvailable), (20 bytes).
    Removing tasks.o(.rev16_text), (4 bytes).
    Removing tasks.o(.revsh_text), (4 bytes).
    Removing tasks.o(.rrx_text), (6 bytes).
    Removing tasks.o(i.eTaskGetState), (84 bytes).
    Removing tasks.o(i.pcTaskGetName), (16 bytes).
    Removing tasks.o(i.prvTaskIsTaskSuspended), (32 bytes).
    Removing tasks.o(i.pvTaskIncrementMutexHeldCount), (24 bytes).
    Removing tasks.o(i.ulPortRaiseBASEPRI), (12 bytes).
    Removing tasks.o(i.ulTaskNotifyTake), (108 bytes).
    Removing tasks.o(i.uxTaskGetNumberOfTasks), (12 bytes).
    Removing tasks.o(i.uxTaskGetStackHighWaterMark), (32 bytes).
    Removing tasks.o(i.uxTaskPriorityGet), (28 bytes).
    Removing tasks.o(i.uxTaskPriorityGetFromISR), (32 bytes).
    Removing tasks.o(i.uxTaskResetEventItemValue), (24 bytes).
    Removing tasks.o(i.vTaskDelayUntil), (88 bytes).
    Removing tasks.o(i.vTaskDelete), (152 bytes).
    Removing tasks.o(i.vTaskEndScheduler), (20 bytes).
    Removing tasks.o(i.vTaskNotifyGiveFromISR), (132 bytes).
    Removing tasks.o(i.vTaskPlaceOnUnorderedEventList), (44 bytes).
    Removing tasks.o(i.vTaskPriorityDisinheritAfterTimeout), (128 bytes).
    Removing tasks.o(i.vTaskPrioritySet), (184 bytes).
    Removing tasks.o(i.vTaskRemoveFromUnorderedEventList), (76 bytes).
    Removing tasks.o(i.vTaskResume), (112 bytes).
    Removing tasks.o(i.vTaskSetTimeOutState), (32 bytes).
    Removing tasks.o(i.vTaskSuspend), (168 bytes).
    Removing tasks.o(i.xTaskGenericNotify), (172 bytes).
    Removing tasks.o(i.xTaskGenericNotifyFromISR), (188 bytes).
    Removing tasks.o(i.xTaskGetCurrentTaskHandle), (12 bytes).
    Removing tasks.o(i.xTaskGetIdleTaskHandle), (12 bytes).
    Removing tasks.o(i.xTaskGetTickCountFromISR), (12 bytes).
    Removing tasks.o(i.xTaskNotifyStateClear), (52 bytes).
    Removing tasks.o(i.xTaskNotifyWait), (140 bytes).
    Removing tasks.o(i.xTaskPriorityInherit), (148 bytes).
    Removing tasks.o(i.xTaskResumeFromISR), (104 bytes).
    Removing timers.o(.rev16_text), (4 bytes).
    Removing timers.o(.revsh_text), (4 bytes).
    Removing timers.o(.rrx_text), (6 bytes).
    Removing timers.o(i.pcTimerGetName), (4 bytes).
    Removing timers.o(i.pvTimerGetTimerID), (18 bytes).
    Removing timers.o(i.vTimerSetTimerID), (20 bytes).
    Removing timers.o(i.xTimerGetExpiryTime), (4 bytes).
    Removing timers.o(i.xTimerGetPeriod), (4 bytes).
    Removing timers.o(i.xTimerGetTimerDaemonTaskHandle), (12 bytes).
    Removing timers.o(i.xTimerIsTimerActive), (26 bytes).
    Removing timers.o(i.xTimerPendFunctionCall), (40 bytes).
    Removing timers.o(i.xTimerPendFunctionCallFromISR), (40 bytes).
    Removing nrf_drv_clock.o(.rev16_text), (4 bytes).
    Removing nrf_drv_clock.o(.revsh_text), (4 bytes).
    Removing nrf_drv_clock.o(.rrx_text), (6 bytes).
    Removing nrf_drv_clock.o(i.nrf_drv_clock_calibration_abort), (4 bytes).
    Removing nrf_drv_clock.o(i.nrf_drv_clock_calibration_start), (4 bytes).
    Removing nrf_drv_clock.o(i.nrf_drv_clock_hfclk_is_running), (28 bytes).
    Removing nrf_drv_clock.o(i.nrf_drv_clock_hfclk_release), (44 bytes).
    Removing nrf_drv_clock.o(i.nrf_drv_clock_hfclk_request), (72 bytes).
    Removing nrf_drv_clock.o(i.nrf_drv_clock_init_check), (12 bytes).
    Removing nrf_drv_clock.o(i.nrf_drv_clock_is_calibrating), (4 bytes).
    Removing nrf_drv_clock.o(i.nrf_drv_clock_lfclk_is_running), (16 bytes).
    Removing nrf_drv_clock.o(i.nrf_drv_clock_lfclk_release), (48 bytes).
    Removing nrf_drv_clock.o(i.nrf_drv_clock_uninit), (24 bytes).
    Removing nrf_drv_clock.o(.constdata), (19 bytes).
    Removing nrf_drv_clock.o(.constdata), (32 bytes).
    Removing nrf_drv_clock.o(.constdata), (32 bytes).
    Removing nrf_drv_clock.o(.constdata), (29 bytes).
    Removing nrf_nvic.o(.rev16_text), (4 bytes).
    Removing nrf_nvic.o(.revsh_text), (4 bytes).
    Removing nrf_nvic.o(.rrx_text), (6 bytes).
    Removing nrf_nvic.o(i.sd_nvic_ClearPendingIRQ), (24 bytes).
    Removing nrf_nvic.o(i.sd_nvic_DisableIRQ), (24 bytes).
    Removing nrf_nvic.o(i.sd_nvic_EnableIRQ), (24 bytes).
    Removing nrf_nvic.o(i.sd_nvic_GetPendingIRQ), (42 bytes).
    Removing nrf_nvic.o(i.sd_nvic_GetPriority), (40 bytes).
    Removing nrf_nvic.o(i.sd_nvic_SetPendingIRQ), (24 bytes).
    Removing nrf_nvic.o(i.sd_nvic_SetPriority), (34 bytes).
    Removing nrf_nvic.o(i.sd_nvic_SystemReset), (36 bytes).
    Removing nrf_nvic.o(i.sd_nvic_critical_region_enter), (28 bytes).
    Removing nrf_nvic.o(i.sd_nvic_critical_region_exit), (24 bytes).
    Removing nrf_nvic.o(.data), (1 bytes).
    Removing nrf_soc.o(.rev16_text), (4 bytes).
    Removing nrf_soc.o(.revsh_text), (4 bytes).
    Removing nrf_soc.o(.rrx_text), (6 bytes).
    Removing nrf_soc.o(i.sd_app_evt_wait), (6 bytes).
    Removing nrfx_atomic.o(.rev16_text), (4 bytes).
    Removing nrfx_atomic.o(.revsh_text), (4 bytes).
    Removing nrfx_atomic.o(.rrx_text), (6 bytes).
    Removing nrfx_atomic.o(.emb_text), (226 bytes).
    Removing nrfx_atomic.o(i.nrfx_atomic_flag_clear), (6 bytes).
    Removing nrfx_atomic.o(i.nrfx_atomic_flag_clear_fetch), (6 bytes).
    Removing nrfx_atomic.o(i.nrfx_atomic_flag_set), (6 bytes).
    Removing nrfx_atomic.o(i.nrfx_atomic_flag_set_fetch), (6 bytes).
    Removing nrfx_atomic.o(i.nrfx_atomic_u32_add), (12 bytes).
    Removing nrfx_atomic.o(i.nrfx_atomic_u32_and), (12 bytes).
    Removing nrfx_atomic.o(i.nrfx_atomic_u32_cmp_exch), (4 bytes).
    Removing nrfx_atomic.o(i.nrfx_atomic_u32_fetch_add), (10 bytes).
    Removing nrfx_atomic.o(i.nrfx_atomic_u32_fetch_and), (10 bytes).
    Removing nrfx_atomic.o(i.nrfx_atomic_u32_fetch_or), (10 bytes).
    Removing nrfx_atomic.o(i.nrfx_atomic_u32_fetch_store), (10 bytes).
    Removing nrfx_atomic.o(i.nrfx_atomic_u32_fetch_sub), (10 bytes).
    Removing nrfx_atomic.o(i.nrfx_atomic_u32_fetch_sub_hs), (10 bytes).
    Removing nrfx_atomic.o(i.nrfx_atomic_u32_fetch_xor), (10 bytes).
    Removing nrfx_atomic.o(i.nrfx_atomic_u32_or), (12 bytes).
    Removing nrfx_atomic.o(i.nrfx_atomic_u32_store), (12 bytes).
    Removing nrfx_atomic.o(i.nrfx_atomic_u32_sub), (12 bytes).
    Removing nrfx_atomic.o(i.nrfx_atomic_u32_sub_hs), (12 bytes).
    Removing nrfx_atomic.o(i.nrfx_atomic_u32_xor), (12 bytes).
    Removing nrfx_clock.o(.rev16_text), (4 bytes).
    Removing nrfx_clock.o(.revsh_text), (4 bytes).
    Removing nrfx_clock.o(.rrx_text), (6 bytes).
    Removing nrfx_clock.o(i.nrfx_clock_calibration_start), (4 bytes).
    Removing nrfx_clock.o(i.nrfx_clock_calibration_timer_start), (2 bytes).
    Removing nrfx_clock.o(i.nrfx_clock_calibration_timer_stop), (2 bytes).
    Removing nrfx_clock.o(i.nrfx_clock_disable), (22 bytes).
    Removing nrfx_clock.o(i.nrfx_clock_hfclk_start), (22 bytes).
    Removing nrfx_clock.o(i.nrfx_clock_hfclk_stop), (60 bytes).
    Removing nrfx_clock.o(i.nrfx_clock_is_calibrating), (4 bytes).
    Removing nrfx_clock.o(i.nrfx_clock_lfclk_stop), (48 bytes).
    Removing nrfx_clock.o(i.nrfx_clock_uninit), (24 bytes).
    Removing nrfx_clock.o(.constdata), (16 bytes).
    Removing nrfx_clock.o(.constdata), (29 bytes).
    Removing nrfx_gpiote.o(.rev16_text), (4 bytes).
    Removing nrfx_gpiote.o(.revsh_text), (4 bytes).
    Removing nrfx_gpiote.o(.rrx_text), (6 bytes).
    Removing nrfx_gpiote.o(i.channel_free), (28 bytes).
    Removing nrfx_gpiote.o(i.channel_port_alloc), (72 bytes).
    Removing nrfx_gpiote.o(i.nrf_gpio_cfg), (36 bytes).
    Removing nrfx_gpiote.o(i.nrf_gpio_cfg_default), (18 bytes).
    Removing nrfx_gpiote.o(i.nrf_gpio_pin_present_check), (4 bytes).
    Removing nrfx_gpiote.o(i.nrfx_gpiote_clr_task_addr_get), (16 bytes).
    Removing nrfx_gpiote.o(i.nrfx_gpiote_clr_task_get), (16 bytes).
    Removing nrfx_gpiote.o(i.nrfx_gpiote_clr_task_trigger), (28 bytes).
    Removing nrfx_gpiote.o(i.nrfx_gpiote_in_event_addr_get), (16 bytes).
    Removing nrfx_gpiote.o(i.nrfx_gpiote_in_event_disable), (72 bytes).
    Removing nrfx_gpiote.o(i.nrfx_gpiote_in_event_enable), (160 bytes).
    Removing nrfx_gpiote.o(i.nrfx_gpiote_in_event_get), (34 bytes).
    Removing nrfx_gpiote.o(i.nrfx_gpiote_in_init), (204 bytes).
    Removing nrfx_gpiote.o(i.nrfx_gpiote_in_is_set), (20 bytes).
    Removing nrfx_gpiote.o(i.nrfx_gpiote_in_uninit), (96 bytes).
    Removing nrfx_gpiote.o(i.nrfx_gpiote_init), (120 bytes).
    Removing nrfx_gpiote.o(i.nrfx_gpiote_is_init), (20 bytes).
    Removing nrfx_gpiote.o(i.nrfx_gpiote_out_clear), (14 bytes).
    Removing nrfx_gpiote.o(i.nrfx_gpiote_out_init), (188 bytes).
    Removing nrfx_gpiote.o(i.nrfx_gpiote_out_set), (14 bytes).
    Removing nrfx_gpiote.o(i.nrfx_gpiote_out_task_addr_get), (16 bytes).
    Removing nrfx_gpiote.o(i.nrfx_gpiote_out_task_disable), (36 bytes).
    Removing nrfx_gpiote.o(i.nrfx_gpiote_out_task_enable), (36 bytes).
    Removing nrfx_gpiote.o(i.nrfx_gpiote_out_task_force), (40 bytes).
    Removing nrfx_gpiote.o(i.nrfx_gpiote_out_task_get), (12 bytes).
    Removing nrfx_gpiote.o(i.nrfx_gpiote_out_task_trigger), (24 bytes).
    Removing nrfx_gpiote.o(i.nrfx_gpiote_out_toggle), (28 bytes).
    Removing nrfx_gpiote.o(i.nrfx_gpiote_out_uninit), (88 bytes).
    Removing nrfx_gpiote.o(i.nrfx_gpiote_set_task_addr_get), (16 bytes).
    Removing nrfx_gpiote.o(i.nrfx_gpiote_set_task_get), (16 bytes).
    Removing nrfx_gpiote.o(i.nrfx_gpiote_set_task_trigger), (28 bytes).
    Removing nrfx_gpiote.o(i.nrfx_gpiote_uninit), (64 bytes).
    Removing nrfx_gpiote.o(i.pin_configured_check), (20 bytes).
    Removing nrfx_gpiote.o(i.pin_configured_clear), (28 bytes).
    Removing nrfx_gpiote.o(i.pin_configured_set), (28 bytes).
    Removing nrfx_gpiote.o(i.pin_in_use_by_port), (24 bytes).
    Removing nrfx_gpiote.o(i.pin_in_use_by_te), (24 bytes).
    Removing nrfx_gpiote.o(.constdata), (17 bytes).
    Removing nrfx_gpiote.o(.constdata), (21 bytes).
    Removing nrfx_gpiote.o(.constdata), (20 bytes).
    Removing app_button.o(.rev16_text), (4 bytes).
    Removing app_button.o(.revsh_text), (4 bytes).
    Removing app_button.o(.rrx_text), (6 bytes).
    Removing app_button.o(i.app_button_disable), (64 bytes).
    Removing app_button.o(i.app_button_enable), (36 bytes).
    Removing app_button.o(i.app_button_init), (128 bytes).
    Removing app_button.o(i.app_button_is_pushed), (36 bytes).
    Removing app_button.o(i.button_get), (40 bytes).
    Removing app_button.o(i.detection_delay_timeout_handler), (72 bytes).
    Removing app_button.o(i.evt_handle), (216 bytes).
    Removing app_button.o(i.gpiote_event_handler), (60 bytes).
    Removing app_button.o(i.state_set), (48 bytes).
    Removing app_button.o(i.timer_start), (24 bytes).
    Removing app_button.o(i.usr_event), (32 bytes).
    Removing app_button.o(.bss), (32 bytes).
    Removing app_button.o(.bss), (16 bytes).
    Removing app_button.o(.constdata), (8 bytes).
    Removing app_button.o(.data), (24 bytes).
    Removing app_error.o(.rev16_text), (4 bytes).
    Removing app_error.o(.revsh_text), (4 bytes).
    Removing app_error.o(.rrx_text), (6 bytes).
    Removing app_error.o(i.app_error_save_and_stop), (100 bytes).
    Removing app_error.o(.bss), (32 bytes).
    Removing app_error_handler_keil.o(.rev16_text), (4 bytes).
    Removing app_error_handler_keil.o(.revsh_text), (4 bytes).
    Removing app_error_handler_keil.o(.rrx_text), (6 bytes).
    Removing app_error_handler_keil.o(.emb_text), (26 bytes).
    Removing app_error_weak.o(.rev16_text), (4 bytes).
    Removing app_error_weak.o(.revsh_text), (4 bytes).
    Removing app_error_weak.o(.rrx_text), (6 bytes).
    Removing app_timer_freertos.o(.rev16_text), (4 bytes).
    Removing app_timer_freertos.o(.revsh_text), (4 bytes).
    Removing app_timer_freertos.o(.rrx_text), (6 bytes).
    Removing app_timer_freertos.o(i.app_timer_callback), (38 bytes).
    Removing app_timer_freertos.o(i.app_timer_create), (88 bytes).
    Removing app_timer_freertos.o(i.app_timer_init), (4 bytes).
    Removing app_timer_freertos.o(i.app_timer_start), (156 bytes).
    Removing app_timer_freertos.o(i.app_timer_stop), (100 bytes).
    Removing app_util_platform.o(.rev16_text), (4 bytes).
    Removing app_util_platform.o(.revsh_text), (4 bytes).
    Removing app_util_platform.o(.rrx_text), (6 bytes).
    Removing app_util_platform.o(i.current_int_priority_get), (48 bytes).
    Removing app_util_platform.o(i.privilege_level_get), (26 bytes).
    Removing nrf_assert.o(.rev16_text), (4 bytes).
    Removing nrf_assert.o(.revsh_text), (4 bytes).
    Removing nrf_assert.o(.rrx_text), (6 bytes).
    Removing nrf_assert.o(i.assert_nrf_callback), (20 bytes).
    Removing nrf_atomic.o(.rev16_text), (4 bytes).
    Removing nrf_atomic.o(.revsh_text), (4 bytes).
    Removing nrf_atomic.o(.rrx_text), (6 bytes).
    Removing nrf_atomic.o(.emb_text), (226 bytes).
    Removing nrf_atomic.o(i.nrf_atomic_flag_clear), (6 bytes).
    Removing nrf_atomic.o(i.nrf_atomic_flag_clear_fetch), (6 bytes).
    Removing nrf_atomic.o(i.nrf_atomic_flag_set), (6 bytes).
    Removing nrf_atomic.o(i.nrf_atomic_flag_set_fetch), (6 bytes).
    Removing nrf_atomic.o(i.nrf_atomic_u32_add), (12 bytes).
    Removing nrf_atomic.o(i.nrf_atomic_u32_and), (12 bytes).
    Removing nrf_atomic.o(i.nrf_atomic_u32_cmp_exch), (4 bytes).
    Removing nrf_atomic.o(i.nrf_atomic_u32_fetch_add), (10 bytes).
    Removing nrf_atomic.o(i.nrf_atomic_u32_fetch_and), (10 bytes).
    Removing nrf_atomic.o(i.nrf_atomic_u32_fetch_or), (10 bytes).
    Removing nrf_atomic.o(i.nrf_atomic_u32_fetch_store), (10 bytes).
    Removing nrf_atomic.o(i.nrf_atomic_u32_fetch_sub), (10 bytes).
    Removing nrf_atomic.o(i.nrf_atomic_u32_fetch_sub_hs), (10 bytes).
    Removing nrf_atomic.o(i.nrf_atomic_u32_fetch_xor), (10 bytes).
    Removing nrf_atomic.o(i.nrf_atomic_u32_or), (12 bytes).
    Removing nrf_atomic.o(i.nrf_atomic_u32_store), (12 bytes).
    Removing nrf_atomic.o(i.nrf_atomic_u32_sub), (12 bytes).
    Removing nrf_atomic.o(i.nrf_atomic_u32_sub_hs), (12 bytes).
    Removing nrf_atomic.o(i.nrf_atomic_u32_xor), (12 bytes).
    Removing nrf_balloc.o(.rev16_text), (4 bytes).
    Removing nrf_balloc.o(.revsh_text), (4 bytes).
    Removing nrf_balloc.o(.rrx_text), (6 bytes).
    Removing nrf_balloc.o(i.nrf_balloc_alloc), (62 bytes).
    Removing nrf_balloc.o(i.nrf_balloc_free), (42 bytes).
    Removing nrf_balloc.o(i.nrf_balloc_init), (48 bytes).
    Removing nrf_fprintf.o(.rev16_text), (4 bytes).
    Removing nrf_fprintf.o(.revsh_text), (4 bytes).
    Removing nrf_fprintf.o(.rrx_text), (6 bytes).
    Removing nrf_fprintf.o(i.nrf_fprintf), (26 bytes).
    Removing nrf_fprintf.o(i.nrf_fprintf_buffer_flush), (24 bytes).
    Removing nrf_fprintf_format.o(.rev16_text), (4 bytes).
    Removing nrf_fprintf_format.o(.revsh_text), (4 bytes).
    Removing nrf_fprintf_format.o(.rrx_text), (6 bytes).
    Removing nrf_fprintf_format.o(i.buffer_add), (46 bytes).
    Removing nrf_fprintf_format.o(i.int_print), (166 bytes).
    Removing nrf_fprintf_format.o(i.nrf_fprintf_fmt), (474 bytes).
    Removing nrf_fprintf_format.o(i.unsigned_print), (180 bytes).
    Removing nrf_fprintf_format.o(.constdata), (16 bytes).
    Removing nrf_memobj.o(.rev16_text), (4 bytes).
    Removing nrf_memobj.o(.revsh_text), (4 bytes).
    Removing nrf_memobj.o(.rrx_text), (6 bytes).
    Removing nrf_memobj.o(i.memobj_op), (126 bytes).
    Removing nrf_memobj.o(i.nrf_memobj_alloc), (96 bytes).
    Removing nrf_memobj.o(i.nrf_memobj_free), (50 bytes).
    Removing nrf_memobj.o(i.nrf_memobj_get), (8 bytes).
    Removing nrf_memobj.o(i.nrf_memobj_pool_init), (4 bytes).
    Removing nrf_memobj.o(i.nrf_memobj_put), (30 bytes).
    Removing nrf_memobj.o(i.nrf_memobj_read), (16 bytes).
    Removing nrf_memobj.o(i.nrf_memobj_write), (16 bytes).
    Removing nrf_ringbuf.o(.rev16_text), (4 bytes).
    Removing nrf_ringbuf.o(.revsh_text), (4 bytes).
    Removing nrf_ringbuf.o(.rrx_text), (6 bytes).
    Removing nrf_ringbuf.o(i.nrf_ringbuf_alloc), (112 bytes).
    Removing nrf_ringbuf.o(i.nrf_ringbuf_cpy_get), (128 bytes).
    Removing nrf_ringbuf.o(i.nrf_ringbuf_cpy_put), (118 bytes).
    Removing nrf_ringbuf.o(i.nrf_ringbuf_free), (38 bytes).
    Removing nrf_ringbuf.o(i.nrf_ringbuf_get), (112 bytes).
    Removing nrf_ringbuf.o(i.nrf_ringbuf_init), (28 bytes).
    Removing nrf_ringbuf.o(i.nrf_ringbuf_put), (48 bytes).
    Removing nrf_strerror.o(.rev16_text), (4 bytes).
    Removing nrf_strerror.o(.revsh_text), (4 bytes).
    Removing nrf_strerror.o(.rrx_text), (6 bytes).
    Removing nrf_strerror.o(i.nrf_strerror_find), (56 bytes).
    Removing nrf_strerror.o(i.nrf_strerror_get), (20 bytes).
    Removing nrf_strerror.o(.constdata), (300 bytes).
    Removing nrf_strerror.o(.conststring), (957 bytes).
    Removing nrf_log_frontend.o(.rev16_text), (4 bytes).
    Removing nrf_log_frontend.o(.revsh_text), (4 bytes).
    Removing nrf_log_frontend.o(.rrx_text), (6 bytes).
    Removing nrf_log_str_formatter.o(.rev16_text), (4 bytes).
    Removing nrf_log_str_formatter.o(.revsh_text), (4 bytes).
    Removing nrf_log_str_formatter.o(.rrx_text), (6 bytes).
    Removing arm_startup_nrf52.o(HEAP), (8192 bytes).
    Removing system_nrf52.o(.rev16_text), (4 bytes).
    Removing system_nrf52.o(.revsh_text), (4 bytes).
    Removing system_nrf52.o(.rrx_text), (6 bytes).
    Removing system_nrf52.o(i.SystemCoreClockUpdate), (16 bytes).

405 unused section(s) (total 23723 bytes) removed from the image.

==============================================================================

Image Symbol Table

    Local Symbols

    Symbol Name                              Value     Ov Type        Size  Object(Section)

    RESET                                    0x00000000   Section      512  arm_startup_nrf52.o(RESET)
    ../clib/microlib/init/entry.s            0x00000000   Number         0  entry11a.o ABSOLUTE
    ../clib/microlib/init/entry.s            0x00000000   Number         0  entry10b.o ABSOLUTE
    ../clib/microlib/init/entry.s            0x00000000   Number         0  entry10a.o ABSOLUTE
    ../clib/microlib/init/entry.s            0x00000000   Number         0  entry7b.o ABSOLUTE
    ../clib/microlib/init/entry.s            0x00000000   Number         0  entry7a.o ABSOLUTE
    ../clib/microlib/init/entry.s            0x00000000   Number         0  entry9b.o ABSOLUTE
    ../clib/microlib/init/entry.s            0x00000000   Number         0  entry5.o ABSOLUTE
    ../clib/microlib/init/entry.s            0x00000000   Number         0  entry9a.o ABSOLUTE
    ../clib/microlib/init/entry.s            0x00000000   Number         0  entry8a.o ABSOLUTE
    ../clib/microlib/init/entry.s            0x00000000   Number         0  entry8b.o ABSOLUTE
    ../clib/microlib/init/entry.s            0x00000000   Number         0  entry2.o ABSOLUTE
    ../clib/microlib/init/entry.s            0x00000000   Number         0  entry11b.o ABSOLUTE
    ../clib/microlib/init/entry.s            0x00000000   Number         0  entry.o ABSOLUTE
    ../clib/microlib/longlong.c              0x00000000   Number         0  llshl.o ABSOLUTE
    ../clib/microlib/string/memcpy.c         0x00000000   Number         0  memcpya.o ABSOLUTE
    ../clib/microlib/string/memcpy.c         0x00000000   Number         0  memcpyb.o ABSOLUTE
    ../clib/microlib/string/memset.c         0x00000000   Number         0  memseta.o ABSOLUTE
    ../clib/microlib/string/strlen.c         0x00000000   Number         0  strlen.o ABSOLUTE
    ..\..\..\..\..\..\components\boards\boards.c 0x00000000   Number         0  boards.o ABSOLUTE
    ..\..\..\..\..\..\components\drivers_nrf\nrf_soc_nosd\nrf_nvic.c 0x00000000   Number         0  nrf_nvic.o ABSOLUTE
    ..\..\..\..\..\..\components\drivers_nrf\nrf_soc_nosd\nrf_soc.c 0x00000000   Number         0  nrf_soc.o ABSOLUTE
    ..\..\..\..\..\..\components\libraries\atomic\nrf_atomic.c 0x00000000   Number         0  nrf_atomic.o ABSOLUTE
    ..\..\..\..\..\..\components\libraries\balloc\nrf_balloc.c 0x00000000   Number         0  nrf_balloc.o ABSOLUTE
    ..\..\..\..\..\..\components\libraries\bsp\bsp.c 0x00000000   Number         0  bsp.o ABSOLUTE
    ..\..\..\..\..\..\components\libraries\button\app_button.c 0x00000000   Number         0  app_button.o ABSOLUTE
    ..\..\..\..\..\..\components\libraries\log\src\nrf_log_frontend.c 0x00000000   Number         0  nrf_log_frontend.o ABSOLUTE
    ..\..\..\..\..\..\components\libraries\log\src\nrf_log_str_formatter.c 0x00000000   Number         0  nrf_log_str_formatter.o ABSOLUTE
    ..\..\..\..\..\..\components\libraries\memobj\nrf_memobj.c 0x00000000   Number         0  nrf_memobj.o ABSOLUTE
    ..\..\..\..\..\..\components\libraries\ringbuf\nrf_ringbuf.c 0x00000000   Number         0  nrf_ringbuf.o ABSOLUTE
    ..\..\..\..\..\..\components\libraries\strerror\nrf_strerror.c 0x00000000   Number         0  nrf_strerror.o ABSOLUTE
    ..\..\..\..\..\..\components\libraries\timer\app_timer_freertos.c 0x00000000   Number         0  app_timer_freertos.o ABSOLUTE
    ..\..\..\..\..\..\components\libraries\util\app_error.c 0x00000000   Number         0  app_error.o ABSOLUTE
    ..\..\..\..\..\..\components\libraries\util\app_error_handler_keil.c 0x00000000   Number         0  app_error_handler_keil.o ABSOLUTE
    ..\..\..\..\..\..\components\libraries\util\app_error_weak.c 0x00000000   Number         0  app_error_weak.o ABSOLUTE
    ..\..\..\..\..\..\components\libraries\util\app_util_platform.c 0x00000000   Number         0  app_util_platform.o ABSOLUTE
    ..\..\..\..\..\..\components\libraries\util\nrf_assert.c 0x00000000   Number         0  nrf_assert.o ABSOLUTE
    ..\..\..\..\..\..\external\fprintf\nrf_fprintf.c 0x00000000   Number         0  nrf_fprintf.o ABSOLUTE
    ..\..\..\..\..\..\external\fprintf\nrf_fprintf_format.c 0x00000000   Number         0  nrf_fprintf_format.o ABSOLUTE
    ..\..\..\..\..\..\external\freertos\portable\ARM\nrf52\port.c 0x00000000   Number         0  port.o ABSOLUTE
    ..\..\..\..\..\..\external\freertos\portable\CMSIS\nrf52\port_cmsis.c 0x00000000   Number         0  port_cmsis.o ABSOLUTE
    ..\..\..\..\..\..\external\freertos\portable\CMSIS\nrf52\port_cmsis_systick.c 0x00000000   Number         0  port_cmsis_systick.o ABSOLUTE
    ..\..\..\..\..\..\external\freertos\source\croutine.c 0x00000000   Number         0  croutine.o ABSOLUTE
    ..\..\..\..\..\..\external\freertos\source\event_groups.c 0x00000000   Number         0  event_groups.o ABSOLUTE
    ..\..\..\..\..\..\external\freertos\source\list.c 0x00000000   Number         0  list.o ABSOLUTE
    ..\..\..\..\..\..\external\freertos\source\portable\MemMang\heap_1.c 0x00000000   Number         0  heap_1.o ABSOLUTE
    ..\..\..\..\..\..\external\freertos\source\queue.c 0x00000000   Number         0  queue.o ABSOLUTE
    ..\..\..\..\..\..\external\freertos\source\stream_buffer.c 0x00000000   Number         0  stream_buffer.o ABSOLUTE
    ..\..\..\..\..\..\external\freertos\source\tasks.c 0x00000000   Number         0  tasks.o ABSOLUTE
    ..\..\..\..\..\..\external\freertos\source\timers.c 0x00000000   Number         0  timers.o ABSOLUTE
    ..\..\..\..\..\..\integration\nrfx\legacy\nrf_drv_clock.c 0x00000000   Number         0  nrf_drv_clock.o ABSOLUTE
    ..\..\..\..\..\..\modules\nrfx\drivers\src\nrfx_clock.c 0x00000000   Number         0  nrfx_clock.o ABSOLUTE
    ..\..\..\..\..\..\modules\nrfx\drivers\src\nrfx_gpiote.c 0x00000000   Number         0  nrfx_gpiote.o ABSOLUTE
    ..\..\..\..\..\..\modules\nrfx\soc\nrfx_atomic.c 0x00000000   Number         0  nrfx_atomic.o ABSOLUTE
    ..\..\..\main.c                          0x00000000   Number         0  main.o ABSOLUTE
    ..\\..\\..\\..\\..\\..\\components\\boards\\boards.c 0x00000000   Number         0  boards.o ABSOLUTE
    ..\\..\\..\\..\\..\\..\\components\\drivers_nrf\\nrf_soc_nosd\\nrf_nvic.c 0x00000000   Number         0  nrf_nvic.o ABSOLUTE
    ..\\..\\..\\..\\..\\..\\components\\drivers_nrf\\nrf_soc_nosd\\nrf_soc.c 0x00000000   Number         0  nrf_soc.o ABSOLUTE
    ..\\..\\..\\..\\..\\..\\components\\libraries\\atomic\\nrf_atomic.c 0x00000000   Number         0  nrf_atomic.o ABSOLUTE
    ..\\..\\..\\..\\..\\..\\components\\libraries\\balloc\\nrf_balloc.c 0x00000000   Number         0  nrf_balloc.o ABSOLUTE
    ..\\..\\..\\..\\..\\..\\components\\libraries\\bsp\\bsp.c 0x00000000   Number         0  bsp.o ABSOLUTE
    ..\\..\\..\\..\\..\\..\\components\\libraries\\button\\app_button.c 0x00000000   Number         0  app_button.o ABSOLUTE
    ..\\..\\..\\..\\..\\..\\components\\libraries\\log\\src\\nrf_log_frontend.c 0x00000000   Number         0  nrf_log_frontend.o ABSOLUTE
    ..\\..\\..\\..\\..\\..\\components\\libraries\\log\\src\\nrf_log_str_formatter.c 0x00000000   Number         0  nrf_log_str_formatter.o ABSOLUTE
    ..\\..\\..\\..\\..\\..\\components\\libraries\\memobj\\nrf_memobj.c 0x00000000   Number         0  nrf_memobj.o ABSOLUTE
    ..\\..\\..\\..\\..\\..\\components\\libraries\\ringbuf\\nrf_ringbuf.c 0x00000000   Number         0  nrf_ringbuf.o ABSOLUTE
    ..\\..\\..\\..\\..\\..\\components\\libraries\\strerror\\nrf_strerror.c 0x00000000   Number         0  nrf_strerror.o ABSOLUTE
    ..\\..\\..\\..\\..\\..\\components\\libraries\\timer\\app_timer_freertos.c 0x00000000   Number         0  app_timer_freertos.o ABSOLUTE
    ..\\..\\..\\..\\..\\..\\components\\libraries\\util\\app_error.c 0x00000000   Number         0  app_error.o ABSOLUTE
    ..\\..\\..\\..\\..\\..\\components\\libraries\\util\\app_error_handler_keil.c 0x00000000   Number         0  app_error_handler_keil.o ABSOLUTE
    ..\\..\\..\\..\\..\\..\\components\\libraries\\util\\app_error_weak.c 0x00000000   Number         0  app_error_weak.o ABSOLUTE
    ..\\..\\..\\..\\..\\..\\components\\libraries\\util\\app_util_platform.c 0x00000000   Number         0  app_util_platform.o ABSOLUTE
    ..\\..\\..\\..\\..\\..\\components\\libraries\\util\\nrf_assert.c 0x00000000   Number         0  nrf_assert.o ABSOLUTE
    ..\\..\\..\\..\\..\\..\\external\\fprintf\\nrf_fprintf.c 0x00000000   Number         0  nrf_fprintf.o ABSOLUTE
    ..\\..\\..\\..\\..\\..\\external\\fprintf\\nrf_fprintf_format.c 0x00000000   Number         0  nrf_fprintf_format.o ABSOLUTE
    ..\\..\\..\\..\\..\\..\\external\\freertos\\portable\\ARM\\nrf52\\port.c 0x00000000   Number         0  port.o ABSOLUTE
    ..\\..\\..\\..\\..\\..\\external\\freertos\\portable\\CMSIS\\nrf52\\port_cmsis.c 0x00000000   Number         0  port_cmsis.o ABSOLUTE
    ..\\..\\..\\..\\..\\..\\external\\freertos\\portable\\CMSIS\\nrf52\\port_cmsis_systick.c 0x00000000   Number         0  port_cmsis_systick.o ABSOLUTE
    ..\\..\\..\\..\\..\\..\\external\\freertos\\source\\croutine.c 0x00000000   Number         0  croutine.o ABSOLUTE
    ..\\..\\..\\..\\..\\..\\external\\freertos\\source\\event_groups.c 0x00000000   Number         0  event_groups.o ABSOLUTE
    ..\\..\\..\\..\\..\\..\\external\\freertos\\source\\list.c 0x00000000   Number         0  list.o ABSOLUTE
    ..\\..\\..\\..\\..\\..\\external\\freertos\\source\\portable\\MemMang\\heap_1.c 0x00000000   Number         0  heap_1.o ABSOLUTE
    ..\\..\\..\\..\\..\\..\\external\\freertos\\source\\queue.c 0x00000000   Number         0  queue.o ABSOLUTE
    ..\\..\\..\\..\\..\\..\\external\\freertos\\source\\stream_buffer.c 0x00000000   Number         0  stream_buffer.o ABSOLUTE
    ..\\..\\..\\..\\..\\..\\external\\freertos\\source\\tasks.c 0x00000000   Number         0  tasks.o ABSOLUTE
    ..\\..\\..\\..\\..\\..\\external\\freertos\\source\\timers.c 0x00000000   Number         0  timers.o ABSOLUTE
    ..\\..\\..\\..\\..\\..\\integration\\nrfx\\legacy\\nrf_drv_clock.c 0x00000000   Number         0  nrf_drv_clock.o ABSOLUTE
    ..\\..\\..\\..\\..\\..\\modules\\nrfx\\drivers\\src\\nrfx_clock.c 0x00000000   Number         0  nrfx_clock.o ABSOLUTE
    ..\\..\\..\\..\\..\\..\\modules\\nrfx\\drivers\\src\\nrfx_gpiote.c 0x00000000   Number         0  nrfx_gpiote.o ABSOLUTE
    ..\\..\\..\\..\\..\\..\\modules\\nrfx\\soc\\nrfx_atomic.c 0x00000000   Number         0  nrfx_atomic.o ABSOLUTE
    ..\\..\\..\\main.c                       0x00000000   Number         0  main.o ABSOLUTE
    RTE\Device\nRF52832_xxAA\arm_startup_nrf52.s 0x00000000   Number         0  arm_startup_nrf52.o ABSOLUTE
    RTE\Device\nRF52832_xxAA\system_nrf52.c  0x00000000   Number         0  system_nrf52.o ABSOLUTE
    RTE\\Device\\nRF52832_xxAA\\system_nrf52.c 0x00000000   Number         0  system_nrf52.o ABSOLUTE
    dc.s                                     0x00000000   Number         0  dc.o ABSOLUTE
    handlers.s                               0x00000000   Number         0  handlers.o ABSOLUTE
    init.s                                   0x00000000   Number         0  init.o ABSOLUTE
    .ARM.Collect$$$$00000000                 0x00000200   Section        0  entry.o(.ARM.Collect$$$$00000000)
    .ARM.Collect$$$$00000001                 0x00000200   Section        4  entry2.o(.ARM.Collect$$$$00000001)
    .ARM.Collect$$$$00000004                 0x00000204   Section        4  entry5.o(.ARM.Collect$$$$00000004)
    .ARM.Collect$$$$00000008                 0x00000208   Section        0  entry7b.o(.ARM.Collect$$$$00000008)
    .ARM.Collect$$$$0000000A                 0x00000208   Section        0  entry8b.o(.ARM.Collect$$$$0000000A)
    .ARM.Collect$$$$0000000B                 0x00000208   Section        8  entry9a.o(.ARM.Collect$$$$0000000B)
    .ARM.Collect$$$$0000000D                 0x00000210   Section        0  entry10a.o(.ARM.Collect$$$$0000000D)
    .ARM.Collect$$$$0000000F                 0x00000210   Section        0  entry11a.o(.ARM.Collect$$$$0000000F)
    .ARM.Collect$$$$00002712                 0x00000210   Section        4  entry2.o(.ARM.Collect$$$$00002712)
    __lit__00000000                          0x00000210   Data           4  entry2.o(.ARM.Collect$$$$00002712)
    .emb_text                                0x00000214   Section      152  port.o(.emb_text)
    $v0                                      0x00000214   Number         0  port.o(.emb_text)
    .text                                    0x000002ac   Section       36  arm_startup_nrf52.o(.text)
    $v0                                      0x000002ac   Number         0  arm_startup_nrf52.o(.text)
    .text                                    0x000002d0   Section        0  memcpya.o(.text)
    .text                                    0x000002f4   Section        0  memseta.o(.text)
    .text                                    0x00000318   Section       36  init.o(.text)
    i.GPIOTE_IRQHandler                      0x0000033c   Section        0  nrfx_gpiote.o(i.GPIOTE_IRQHandler)
    i.POWER_CLOCK_IRQHandler                 0x000003e0   Section        0  nrfx_clock.o(i.POWER_CLOCK_IRQHandler)
    i.RTC1_IRQHandler                        0x00000438   Section        0  port_cmsis_systick.o(i.RTC1_IRQHandler)
    i.SystemInit                             0x000004a0   Section        0  system_nrf52.o(i.SystemInit)
    i.__scatterload_copy                     0x000007bc   Section       14  handlers.o(i.__scatterload_copy)
    i.__scatterload_null                     0x000007ca   Section        2  handlers.o(i.__scatterload_null)
    i.__scatterload_zeroinit                 0x000007cc   Section       14  handlers.o(i.__scatterload_zeroinit)
    i.app_error_fault_handler                0x000007dc   Section        0  app_error_weak.o(i.app_error_fault_handler)
    i.app_error_handler_bare                 0x0000080c   Section        0  app_error.o(i.app_error_handler_bare)
    i.app_util_critical_region_enter         0x00000822   Section        0  app_util_platform.o(i.app_util_critical_region_enter)
    i.app_util_critical_region_exit          0x00000826   Section        0  app_util_platform.o(i.app_util_critical_region_exit)
    i.app_util_disable_irq                   0x0000082c   Section        0  app_util_platform.o(i.app_util_disable_irq)
    i.app_util_enable_irq                    0x0000083c   Section        0  app_util_platform.o(i.app_util_enable_irq)
    i.bsp_board_init                         0x00000850   Section        0  boards.o(i.bsp_board_init)
    i.bsp_board_led_invert                   0x000008a4   Section        0  boards.o(i.bsp_board_led_invert)
    i.bsp_board_led_off                      0x000008c8   Section        0  boards.o(i.bsp_board_led_off)
    i.bsp_board_leds_off                     0x000008d8   Section        0  boards.o(i.bsp_board_leds_off)
    i.channel_port_get                       0x000008ec   Section        0  nrfx_gpiote.o(i.channel_port_get)
    channel_port_get                         0x000008ed   Thumb Code    10  nrfx_gpiote.o(i.channel_port_get)
    i.clock_clk_started_notify               0x000008fc   Section        0  nrf_drv_clock.o(i.clock_clk_started_notify)
    clock_clk_started_notify                 0x000008fd   Thumb Code    34  nrf_drv_clock.o(i.clock_clk_started_notify)
    i.clock_irq_handler                      0x00000924   Section        0  nrf_drv_clock.o(i.clock_irq_handler)
    clock_irq_handler                        0x00000925   Thumb Code    24  nrf_drv_clock.o(i.clock_irq_handler)
    i.eTaskConfirmSleepModeStatus            0x00000940   Section        0  tasks.o(i.eTaskConfirmSleepModeStatus)
    i.item_enqueue                           0x00000970   Section        0  nrf_drv_clock.o(i.item_enqueue)
    item_enqueue                             0x00000971   Thumb Code    22  nrf_drv_clock.o(i.item_enqueue)
    i.led_toggle_task_function               0x00000986   Section        0  main.o(i.led_toggle_task_function)
    led_toggle_task_function                 0x00000987   Thumb Code    14  main.o(i.led_toggle_task_function)
    i.led_toggle_timer_callback              0x00000994   Section        0  main.o(i.led_toggle_timer_callback)
    led_toggle_timer_callback                0x00000995   Thumb Code     6  main.o(i.led_toggle_timer_callback)
    i.main                                   0x0000099c   Section        0  main.o(i.main)
    i.nrf_bitmask_bit_is_set                 0x00000a20   Section        0  nrfx_gpiote.o(i.nrf_bitmask_bit_is_set)
    nrf_bitmask_bit_is_set                   0x00000a21   Thumb Code    16  nrfx_gpiote.o(i.nrf_bitmask_bit_is_set)
    i.nrf_clock_event_check                  0x00000a30   Section        0  nrfx_clock.o(i.nrf_clock_event_check)
    nrf_clock_event_check                    0x00000a31   Thumb Code    14  nrfx_clock.o(i.nrf_clock_event_check)
    i.nrf_clock_event_clear                  0x00000a3e   Section        0  nrfx_clock.o(i.nrf_clock_event_clear)
    nrf_clock_event_clear                    0x00000a3f   Thumb Code    16  nrfx_clock.o(i.nrf_clock_event_clear)
    i.nrf_drv_clock_init                     0x00000a50   Section        0  nrf_drv_clock.o(i.nrf_drv_clock_init)
    i.nrf_drv_clock_lfclk_request            0x00000a8c   Section        0  nrf_drv_clock.o(i.nrf_drv_clock_lfclk_request)
    i.nrf_gpio_cfg                           0x00000ad4   Section        0  boards.o(i.nrf_gpio_cfg)
    nrf_gpio_cfg                             0x00000ad5   Thumb Code    36  boards.o(i.nrf_gpio_cfg)
    i.nrf_gpio_cfg_sense_set                 0x00000af8   Section        0  nrfx_gpiote.o(i.nrf_gpio_cfg_sense_set)
    nrf_gpio_cfg_sense_set                   0x00000af9   Thumb Code    34  nrfx_gpiote.o(i.nrf_gpio_cfg_sense_set)
    i.nrf_gpio_latches_read_and_clear        0x00000b1c   Section        0  nrfx_gpiote.o(i.nrf_gpio_latches_read_and_clear)
    nrf_gpio_latches_read_and_clear          0x00000b1d   Thumb Code    38  nrfx_gpiote.o(i.nrf_gpio_latches_read_and_clear)
    i.nrf_gpio_pin_write                     0x00000b48   Section        0  boards.o(i.nrf_gpio_pin_write)
    nrf_gpio_pin_write                       0x00000b49   Thumb Code    22  boards.o(i.nrf_gpio_pin_write)
    i.nrf_gpiote_event_clear                 0x00000b60   Section        0  nrfx_gpiote.o(i.nrf_gpiote_event_clear)
    nrf_gpiote_event_clear                   0x00000b61   Thumb Code    16  nrfx_gpiote.o(i.nrf_gpiote_event_clear)
    i.nrf_gpiote_event_is_set                0x00000b74   Section        0  nrfx_gpiote.o(i.nrf_gpiote_event_is_set)
    nrf_gpiote_event_is_set                  0x00000b75   Thumb Code    12  nrfx_gpiote.o(i.nrf_gpiote_event_is_set)
    i.nrf_rtc_event_clear                    0x00000b84   Section        0  port_cmsis_systick.o(i.nrf_rtc_event_clear)
    nrf_rtc_event_clear                      0x00000b85   Thumb Code    12  port_cmsis_systick.o(i.nrf_rtc_event_clear)
    i.nrf_wdt_started                        0x00000b90   Section        0  nrf_drv_clock.o(i.nrf_wdt_started)
    nrf_wdt_started                          0x00000b91   Thumb Code    12  nrf_drv_clock.o(i.nrf_wdt_started)
    i.nrfx_clock_enable                      0x00000ba0   Section        0  nrfx_clock.o(i.nrfx_clock_enable)
    i.nrfx_clock_init                        0x00000bcc   Section        0  nrfx_clock.o(i.nrfx_clock_init)
    i.nrfx_clock_lfclk_start                 0x00000bec   Section        0  nrfx_clock.o(i.nrfx_clock_lfclk_start)
    i.port_event_handle                      0x00000c38   Section        0  nrfx_gpiote.o(i.port_event_handle)
    port_event_handle                        0x00000c39   Thumb Code   176  nrfx_gpiote.o(i.port_event_handle)
    i.port_handler_polarity_get              0x00000cec   Section        0  nrfx_gpiote.o(i.port_handler_polarity_get)
    port_handler_polarity_get                0x00000ced   Thumb Code    12  nrfx_gpiote.o(i.port_handler_polarity_get)
    i.prvAddCurrentTaskToDelayedList         0x00000cfc   Section        0  tasks.o(i.prvAddCurrentTaskToDelayedList)
    prvAddCurrentTaskToDelayedList           0x00000cfd   Thumb Code   102  tasks.o(i.prvAddCurrentTaskToDelayedList)
    i.prvAddNewTaskToReadyList               0x00000d6c   Section        0  tasks.o(i.prvAddNewTaskToReadyList)
    prvAddNewTaskToReadyList                 0x00000d6d   Thumb Code   196  tasks.o(i.prvAddNewTaskToReadyList)
    i.prvCheckForValidListAndQueue           0x00000e3c   Section        0  timers.o(i.prvCheckForValidListAndQueue)
    prvCheckForValidListAndQueue             0x00000e3d   Thumb Code    62  timers.o(i.prvCheckForValidListAndQueue)
    i.prvCopyDataFromQueue                   0x00000e8c   Section        0  queue.o(i.prvCopyDataFromQueue)
    prvCopyDataFromQueue                     0x00000e8d   Thumb Code    38  queue.o(i.prvCopyDataFromQueue)
    i.prvCopyDataToQueue                     0x00000eb2   Section        0  queue.o(i.prvCopyDataToQueue)
    prvCopyDataToQueue                       0x00000eb3   Thumb Code   108  queue.o(i.prvCopyDataToQueue)
    i.prvDeleteTCB                           0x00000f1e   Section        0  tasks.o(i.prvDeleteTCB)
    prvDeleteTCB                             0x00000f1f   Thumb Code    20  tasks.o(i.prvDeleteTCB)
    i.prvGetExpectedIdleTime                 0x00000f34   Section        0  tasks.o(i.prvGetExpectedIdleTime)
    prvGetExpectedIdleTime                   0x00000f35   Thumb Code    42  tasks.o(i.prvGetExpectedIdleTime)
    i.prvIdleTask                            0x00000f68   Section        0  tasks.o(i.prvIdleTask)
    prvIdleTask                              0x00000f69   Thumb Code   108  tasks.o(i.prvIdleTask)
    i.prvInitialiseNewTask                   0x00000fe0   Section        0  tasks.o(i.prvInitialiseNewTask)
    prvInitialiseNewTask                     0x00000fe1   Thumb Code   138  tasks.o(i.prvInitialiseNewTask)
    i.prvInsertTimerInActiveList             0x0000106c   Section        0  timers.o(i.prvInsertTimerInActiveList)
    prvInsertTimerInActiveList               0x0000106d   Thumb Code    52  timers.o(i.prvInsertTimerInActiveList)
    i.prvIsQueueEmpty                        0x000010a4   Section        0  queue.o(i.prvIsQueueEmpty)
    prvIsQueueEmpty                          0x000010a5   Thumb Code    28  queue.o(i.prvIsQueueEmpty)
    i.prvProcessReceivedCommands             0x000010c0   Section        0  timers.o(i.prvProcessReceivedCommands)
    prvProcessReceivedCommands               0x000010c1   Thumb Code   158  timers.o(i.prvProcessReceivedCommands)
    i.prvProcessTimerOrBlockTask             0x00001164   Section        0  timers.o(i.prvProcessTimerOrBlockTask)
    prvProcessTimerOrBlockTask               0x00001165   Thumb Code   156  timers.o(i.prvProcessTimerOrBlockTask)
    i.prvResetNextTaskUnblockTime            0x00001208   Section        0  tasks.o(i.prvResetNextTaskUnblockTime)
    prvResetNextTaskUnblockTime              0x00001209   Thumb Code    26  tasks.o(i.prvResetNextTaskUnblockTime)
    i.prvSampleTimeNow                       0x00001228   Section        0  timers.o(i.prvSampleTimeNow)
    prvSampleTimeNow                         0x00001229   Thumb Code    36  timers.o(i.prvSampleTimeNow)
    i.prvSwitchTimerLists                    0x00001250   Section        0  timers.o(i.prvSwitchTimerLists)
    prvSwitchTimerLists                      0x00001251   Thumb Code    84  timers.o(i.prvSwitchTimerLists)
    i.prvTaskExitError                       0x000012a8   Section        0  port_cmsis.o(i.prvTaskExitError)
    prvTaskExitError                         0x000012a9   Thumb Code     8  port_cmsis.o(i.prvTaskExitError)
    i.prvTimerTask                           0x000012b0   Section        0  timers.o(i.prvTimerTask)
    prvTimerTask                             0x000012b1   Thumb Code    32  timers.o(i.prvTimerTask)
    i.prvUnlockQueue                         0x000012d4   Section        0  queue.o(i.prvUnlockQueue)
    prvUnlockQueue                           0x000012d5   Thumb Code   106  queue.o(i.prvUnlockQueue)
    i.pvPortMalloc                           0x00001340   Section        0  heap_1.o(i.pvPortMalloc)
    i.pxPortInitialiseStack                  0x0000138c   Section        0  port_cmsis.o(i.pxPortInitialiseStack)
    i.ulPortRaiseBASEPRI                     0x000013b8   Section        0  queue.o(i.ulPortRaiseBASEPRI)
    ulPortRaiseBASEPRI                       0x000013b9   Thumb Code    12  queue.o(i.ulPortRaiseBASEPRI)
    i.uxListRemove                           0x000013c4   Section        0  list.o(i.uxListRemove)
    i.vListInitialise                        0x000013ea   Section        0  list.o(i.vListInitialise)
    i.vListInitialiseItem                    0x00001400   Section        0  list.o(i.vListInitialiseItem)
    i.vListInsert                            0x00001406   Section        0  list.o(i.vListInsert)
    i.vListInsertEnd                         0x00001436   Section        0  list.o(i.vListInsertEnd)
    i.vPortEnterCritical                     0x00001450   Section        0  port_cmsis.o(i.vPortEnterCritical)
    i.vPortExitCritical                      0x00001464   Section        0  port_cmsis.o(i.vPortExitCritical)
    i.vPortFree                              0x00001478   Section        0  heap_1.o(i.vPortFree)
    i.vPortSetupTimerInterrupt               0x0000147c   Section        0  port_cmsis_systick.o(i.vPortSetupTimerInterrupt)
    i.vPortSuppressTicksAndSleep             0x000014bc   Section        0  port_cmsis_systick.o(i.vPortSuppressTicksAndSleep)
    i.vQueueAddToRegistry                    0x0000155c   Section        0  queue.o(i.vQueueAddToRegistry)
    i.vQueueWaitForMessageRestricted         0x00001584   Section        0  queue.o(i.vQueueWaitForMessageRestricted)
    i.vTaskDelay                             0x000015c8   Section        0  tasks.o(i.vTaskDelay)
    i.vTaskInternalSetTimeOutState           0x000015fc   Section        0  tasks.o(i.vTaskInternalSetTimeOutState)
    i.vTaskMissedYield                       0x0000160c   Section        0  tasks.o(i.vTaskMissedYield)
    i.vTaskPlaceOnEventList                  0x00001618   Section        0  tasks.o(i.vTaskPlaceOnEventList)
    i.vTaskPlaceOnEventListRestricted        0x00001638   Section        0  tasks.o(i.vTaskPlaceOnEventListRestricted)
    i.vTaskStartScheduler                    0x00001660   Section        0  tasks.o(i.vTaskStartScheduler)
    i.vTaskStepTick                          0x000016b0   Section        0  tasks.o(i.vTaskStepTick)
    i.vTaskSuspendAll                        0x000016c0   Section        0  tasks.o(i.vTaskSuspendAll)
    i.vTaskSwitchContext                     0x000016d0   Section        0  tasks.o(i.vTaskSwitchContext)
    i.xPortStartScheduler                    0x00001714   Section        0  port_cmsis.o(i.xPortStartScheduler)
    i.xQueueGenericCreate                    0x00001760   Section        0  queue.o(i.xQueueGenericCreate)
    i.xQueueGenericReset                     0x00001798   Section        0  queue.o(i.xQueueGenericReset)
    i.xQueueGenericSend                      0x00001810   Section        0  queue.o(i.xQueueGenericSend)
    i.xQueueGenericSendFromISR               0x0000190c   Section        0  queue.o(i.xQueueGenericSendFromISR)
    i.xQueueReceive                          0x00001970   Section        0  queue.o(i.xQueueReceive)
    i.xTaskCheckForTimeOut                   0x00001a64   Section        0  tasks.o(i.xTaskCheckForTimeOut)
    i.xTaskCreate                            0x00001ab4   Section        0  tasks.o(i.xTaskCreate)
    i.xTaskGetSchedulerState                 0x00001b0c   Section        0  tasks.o(i.xTaskGetSchedulerState)
    i.xTaskGetTickCount                      0x00001b28   Section        0  tasks.o(i.xTaskGetTickCount)
    i.xTaskIncrementTick                     0x00001b34   Section        0  tasks.o(i.xTaskIncrementTick)
    i.xTaskPriorityDisinherit                0x00001bd4   Section        0  tasks.o(i.xTaskPriorityDisinherit)
    i.xTaskRemoveFromEventList               0x00001c44   Section        0  tasks.o(i.xTaskRemoveFromEventList)
    i.xTaskResumeAll                         0x00001cb0   Section        0  tasks.o(i.xTaskResumeAll)
    i.xTimerCreate                           0x00001d64   Section        0  timers.o(i.xTimerCreate)
    i.xTimerCreateTimerTask                  0x00001d9c   Section        0  timers.o(i.xTimerCreateTimerTask)
    i.xTimerGenericCommand                   0x00001dd8   Section        0  timers.o(i.xTimerGenericCommand)
    .constdata                               0x00001e28   Section        8  boards.o(.constdata)
    m_board_led_list                         0x00001e28   Data           4  boards.o(.constdata)
    m_board_btn_list                         0x00001e2c   Data           4  boards.o(.constdata)
    .constdata                               0x00001e30   Section        4  port_cmsis.o(.constdata)
    <Data1>                                  0x00001e30   Data           4  port_cmsis.o(.constdata)
    .constdata                               0x00001e34   Section        4  nrfx_gpiote.o(.constdata)
    .data                                    0x20000000   Section        8  main.o(.data)
    .data                                    0x20000008   Section        8  heap_1.o(.data)
    xNextFreeByte                            0x20000008   Data           4  heap_1.o(.data)
    pucAlignedHeap                           0x2000000c   Data           4  heap_1.o(.data)
    .data                                    0x20000010   Section        4  port_cmsis.o(.data)
    uxCriticalNesting                        0x20000010   Data           4  port_cmsis.o(.data)
    .data                                    0x20000014   Section       60  tasks.o(.data)
    uxDeletedTasksWaitingCleanUp             0x20000018   Data           4  tasks.o(.data)
    uxCurrentNumberOfTasks                   0x2000001c   Data           4  tasks.o(.data)
    xTickCount                               0x20000020   Data           4  tasks.o(.data)
    uxTopReadyPriority                       0x20000024   Data           4  tasks.o(.data)
    xSchedulerRunning                        0x20000028   Data           4  tasks.o(.data)
    uxPendedTicks                            0x2000002c   Data           4  tasks.o(.data)
    xYieldPending                            0x20000030   Data           4  tasks.o(.data)
    xNumOfOverflows                          0x20000034   Data           4  tasks.o(.data)
    uxTaskNumber                             0x20000038   Data           4  tasks.o(.data)
    xNextTaskUnblockTime                     0x2000003c   Data           4  tasks.o(.data)
    xIdleTaskHandle                          0x20000040   Data           4  tasks.o(.data)
    uxSchedulerSuspended                     0x20000044   Data           4  tasks.o(.data)
    pxDelayedTaskList                        0x20000048   Data           4  tasks.o(.data)
    pxOverflowDelayedTaskList                0x2000004c   Data           4  tasks.o(.data)
    .data                                    0x20000050   Section       20  timers.o(.data)
    xTimerQueue                              0x20000050   Data           4  timers.o(.data)
    xTimerTaskHandle                         0x20000054   Data           4  timers.o(.data)
    xLastTime                                0x20000058   Data           4  timers.o(.data)
    pxCurrentTimerList                       0x2000005c   Data           4  timers.o(.data)
    pxOverflowTimerList                      0x20000060   Data           4  timers.o(.data)
    .data                                    0x20000064   Section        8  nrfx_clock.o(.data)
    m_clock_cb                               0x20000064   Data           8  nrfx_clock.o(.data)
    .data                                    0x2000006c   Section        4  app_util_platform.o(.data)
    m_in_critical_region                     0x2000006c   Data           4  app_util_platform.o(.data)
    .data                                    0x20000070   Section        4  system_nrf52.o(.data)
    __tagsym$$used                           0x20000070   Number         0  system_nrf52.o(.data)
    .bss                                     0x20000074   Section     4096  heap_1.o(.bss)
    ucHeap                                   0x20000074   Data        4096  heap_1.o(.bss)
    .bss                                     0x20001074   Section       16  queue.o(.bss)
    .bss                                     0x20001084   Section      160  tasks.o(.bss)
    pxReadyTasksLists                        0x20001084   Data          60  tasks.o(.bss)
    xDelayedTaskList1                        0x200010c0   Data          20  tasks.o(.bss)
    xDelayedTaskList2                        0x200010d4   Data          20  tasks.o(.bss)
    xPendingReadyList                        0x200010e8   Data          20  tasks.o(.bss)
    xTasksWaitingTermination                 0x200010fc   Data          20  tasks.o(.bss)
    xSuspendedTaskList                       0x20001110   Data          20  tasks.o(.bss)
    .bss                                     0x20001124   Section       40  timers.o(.bss)
    xActiveTimerList1                        0x20001124   Data          20  timers.o(.bss)
    xActiveTimerList2                        0x20001138   Data          20  timers.o(.bss)
    .bss                                     0x2000114c   Section       20  nrf_drv_clock.o(.bss)
    m_clock_cb                               0x2000114c   Data          20  nrf_drv_clock.o(.bss)
    .bss                                     0x20001160   Section       92  nrfx_gpiote.o(.bss)
    m_cb                                     0x20001160   Data          92  nrfx_gpiote.o(.bss)
    STACK                                    0x200011c0   Section     8192  arm_startup_nrf52.o(STACK)

    Global Symbols

    Symbol Name                              Value     Ov Type        Size  Object(Section)

    BuildAttributes$$THM_ISAv4$E$P$D$K$B$S$7EM$VFPi3$EXTD16$VFPS$VFMA$PE$A:L22UL41UL21$X:L11$S22US41US21$IEEE1$IW$USESV6$~STKCKD$USESV7$~SHL$OSPACE$EBA8$MICROLIB$REQ8$EABIv2 0x00000000   Number         0  anon$$obj.o ABSOLUTE
    __ARM_use_no_argv                        0x00000000   Number         0  main.o ABSOLUTE
    __Vectors                                0x00000000   Data           4  arm_startup_nrf52.o(RESET)
    __cpp_initialize__aeabi_                  - Undefined Weak Reference
    __cxa_finalize                            - Undefined Weak Reference
    __decompress                              - Undefined Weak Reference
    _clock_init                               - Undefined Weak Reference
    _microlib_exit                            - Undefined Weak Reference
    __Vectors_End                            0x00000200   Data           0  arm_startup_nrf52.o(RESET)
    __Vectors_Size                           0x00000200   Number         0  arm_startup_nrf52.o ABSOLUTE
    __main                                   0x00000201   Thumb Code     0  entry.o(.ARM.Collect$$$$00000000)
    _main_stk                                0x00000201   Thumb Code     0  entry2.o(.ARM.Collect$$$$00000001)
    _main_scatterload                        0x00000205   Thumb Code     0  entry5.o(.ARM.Collect$$$$00000004)
    __main_after_scatterload                 0x00000209   Thumb Code     0  entry5.o(.ARM.Collect$$$$00000004)
    _main_clock                              0x00000209   Thumb Code     0  entry7b.o(.ARM.Collect$$$$00000008)
    _main_cpp_init                           0x00000209   Thumb Code     0  entry8b.o(.ARM.Collect$$$$0000000A)
    _main_init                               0x00000209   Thumb Code     0  entry9a.o(.ARM.Collect$$$$0000000B)
    __rt_final_cpp                           0x00000211   Thumb Code     0  entry10a.o(.ARM.Collect$$$$0000000D)
    __rt_final_exit                          0x00000211   Thumb Code     0  entry11a.o(.ARM.Collect$$$$0000000F)
    SVC_Handler                              0x00000215   Thumb Code    28  port.o(.emb_text)
    vPortStartFirstTask                      0x00000235   Thumb Code    24  port.o(.emb_text)
    PendSV_Handler                           0x00000251   Thumb Code    88  port.o(.emb_text)
    Reset_Handler                            0x000002ad   Thumb Code     8  arm_startup_nrf52.o(.text)
    NMI_Handler                              0x000002b5   Thumb Code     2  arm_startup_nrf52.o(.text)
    HardFault_Handler                        0x000002b7   Thumb Code     2  arm_startup_nrf52.o(.text)
    MemoryManagement_Handler                 0x000002b9   Thumb Code     2  arm_startup_nrf52.o(.text)
    BusFault_Handler                         0x000002bb   Thumb Code     2  arm_startup_nrf52.o(.text)
    UsageFault_Handler                       0x000002bd   Thumb Code     2  arm_startup_nrf52.o(.text)
    DebugMon_Handler                         0x000002c1   Thumb Code     2  arm_startup_nrf52.o(.text)
    SysTick_Handler                          0x000002c5   Thumb Code     2  arm_startup_nrf52.o(.text)
    CCM_AAR_IRQHandler                       0x000002c7   Thumb Code     0  arm_startup_nrf52.o(.text)
    COMP_LPCOMP_IRQHandler                   0x000002c7   Thumb Code     0  arm_startup_nrf52.o(.text)
    ECB_IRQHandler                           0x000002c7   Thumb Code     0  arm_startup_nrf52.o(.text)
    FPU_IRQHandler                           0x000002c7   Thumb Code     0  arm_startup_nrf52.o(.text)
    I2S_IRQHandler                           0x000002c7   Thumb Code     0  arm_startup_nrf52.o(.text)
    MWU_IRQHandler                           0x000002c7   Thumb Code     0  arm_startup_nrf52.o(.text)
    NFCT_IRQHandler                          0x000002c7   Thumb Code     0  arm_startup_nrf52.o(.text)
    PDM_IRQHandler                           0x000002c7   Thumb Code     0  arm_startup_nrf52.o(.text)
    PWM0_IRQHandler                          0x000002c7   Thumb Code     0  arm_startup_nrf52.o(.text)
    PWM1_IRQHandler                          0x000002c7   Thumb Code     0  arm_startup_nrf52.o(.text)
    PWM2_IRQHandler                          0x000002c7   Thumb Code     0  arm_startup_nrf52.o(.text)
    QDEC_IRQHandler                          0x000002c7   Thumb Code     0  arm_startup_nrf52.o(.text)
    RADIO_IRQHandler                         0x000002c7   Thumb Code     0  arm_startup_nrf52.o(.text)
    RNG_IRQHandler                           0x000002c7   Thumb Code     0  arm_startup_nrf52.o(.text)
    RTC0_IRQHandler                          0x000002c7   Thumb Code     0  arm_startup_nrf52.o(.text)
    RTC2_IRQHandler                          0x000002c7   Thumb Code     0  arm_startup_nrf52.o(.text)
    SAADC_IRQHandler                         0x000002c7   Thumb Code     0  arm_startup_nrf52.o(.text)
    SPIM0_SPIS0_TWIM0_TWIS0_SPI0_TWI0_IRQHandler 0x000002c7   Thumb Code     0  arm_startup_nrf52.o(.text)
    SPIM1_SPIS1_TWIM1_TWIS1_SPI1_TWI1_IRQHandler 0x000002c7   Thumb Code     0  arm_startup_nrf52.o(.text)
    SPIM2_SPIS2_SPI2_IRQHandler              0x000002c7   Thumb Code     0  arm_startup_nrf52.o(.text)
    SWI0_EGU0_IRQHandler                     0x000002c7   Thumb Code     0  arm_startup_nrf52.o(.text)
    SWI1_EGU1_IRQHandler                     0x000002c7   Thumb Code     0  arm_startup_nrf52.o(.text)
    SWI2_EGU2_IRQHandler                     0x000002c7   Thumb Code     0  arm_startup_nrf52.o(.text)
    SWI3_EGU3_IRQHandler                     0x000002c7   Thumb Code     0  arm_startup_nrf52.o(.text)
    SWI4_EGU4_IRQHandler                     0x000002c7   Thumb Code     0  arm_startup_nrf52.o(.text)
    SWI5_EGU5_IRQHandler                     0x000002c7   Thumb Code     0  arm_startup_nrf52.o(.text)
    TEMP_IRQHandler                          0x000002c7   Thumb Code     0  arm_startup_nrf52.o(.text)
    TIMER0_IRQHandler                        0x000002c7   Thumb Code     0  arm_startup_nrf52.o(.text)
    TIMER1_IRQHandler                        0x000002c7   Thumb Code     0  arm_startup_nrf52.o(.text)
    TIMER2_IRQHandler                        0x000002c7   Thumb Code     0  arm_startup_nrf52.o(.text)
    TIMER3_IRQHandler                        0x000002c7   Thumb Code     0  arm_startup_nrf52.o(.text)
    TIMER4_IRQHandler                        0x000002c7   Thumb Code     0  arm_startup_nrf52.o(.text)
    UARTE0_UART0_IRQHandler                  0x000002c7   Thumb Code     0  arm_startup_nrf52.o(.text)
    WDT_IRQHandler                           0x000002c7   Thumb Code     0  arm_startup_nrf52.o(.text)
    __aeabi_memcpy                           0x000002d1   Thumb Code    36  memcpya.o(.text)
    __aeabi_memcpy4                          0x000002d1   Thumb Code     0  memcpya.o(.text)
    __aeabi_memcpy8                          0x000002d1   Thumb Code     0  memcpya.o(.text)
    __aeabi_memset                           0x000002f5   Thumb Code    14  memseta.o(.text)
    __aeabi_memset4                          0x000002f5   Thumb Code     0  memseta.o(.text)
    __aeabi_memset8                          0x000002f5   Thumb Code     0  memseta.o(.text)
    __aeabi_memclr                           0x00000303   Thumb Code     4  memseta.o(.text)
    __aeabi_memclr4                          0x00000303   Thumb Code     0  memseta.o(.text)
    __aeabi_memclr8                          0x00000303   Thumb Code     0  memseta.o(.text)
    _memset$wrapper                          0x00000307   Thumb Code    18  memseta.o(.text)
    __scatterload                            0x00000319   Thumb Code    28  init.o(.text)
    __scatterload_rt2                        0x00000319   Thumb Code     0  init.o(.text)
    GPIOTE_IRQHandler                        0x0000033d   Thumb Code   154  nrfx_gpiote.o(i.GPIOTE_IRQHandler)
    POWER_CLOCK_IRQHandler                   0x000003e1   Thumb Code    82  nrfx_clock.o(i.POWER_CLOCK_IRQHandler)
    RTC1_IRQHandler                          0x00000439   Thumb Code    96  port_cmsis_systick.o(i.RTC1_IRQHandler)
    SystemInit                               0x000004a1   Thumb Code   726  system_nrf52.o(i.SystemInit)
    __scatterload_copy                       0x000007bd   Thumb Code    14  handlers.o(i.__scatterload_copy)
    __scatterload_null                       0x000007cb   Thumb Code     2  handlers.o(i.__scatterload_null)
    __scatterload_zeroinit                   0x000007cd   Thumb Code    14  handlers.o(i.__scatterload_zeroinit)
    app_error_fault_handler                  0x000007dd   Thumb Code    40  app_error_weak.o(i.app_error_fault_handler)
    app_error_handler_bare                   0x0000080d   Thumb Code    22  app_error.o(i.app_error_handler_bare)
    app_util_critical_region_enter           0x00000823   Thumb Code     4  app_util_platform.o(i.app_util_critical_region_enter)
    app_util_critical_region_exit            0x00000827   Thumb Code     4  app_util_platform.o(i.app_util_critical_region_exit)
    app_util_disable_irq                     0x0000082d   Thumb Code    12  app_util_platform.o(i.app_util_disable_irq)
    app_util_enable_irq                      0x0000083d   Thumb Code    14  app_util_platform.o(i.app_util_enable_irq)
    bsp_board_init                           0x00000851   Thumb Code    80  boards.o(i.bsp_board_init)
    bsp_board_led_invert                     0x000008a5   Thumb Code    32  boards.o(i.bsp_board_led_invert)
    bsp_board_led_off                        0x000008c9   Thumb Code    10  boards.o(i.bsp_board_led_off)
    bsp_board_leds_off                       0x000008d9   Thumb Code    18  boards.o(i.bsp_board_leds_off)
    eTaskConfirmSleepModeStatus              0x00000941   Thumb Code    38  tasks.o(i.eTaskConfirmSleepModeStatus)
    main                                     0x0000099d   Thumb Code    98  main.o(i.main)
    nrf_drv_clock_init                       0x00000a51   Thumb Code    50  nrf_drv_clock.o(i.nrf_drv_clock_init)
    nrf_drv_clock_lfclk_request              0x00000a8d   Thumb Code    68  nrf_drv_clock.o(i.nrf_drv_clock_lfclk_request)
    nrfx_clock_enable                        0x00000ba1   Thumb Code    34  nrfx_clock.o(i.nrfx_clock_enable)
    nrfx_clock_init                          0x00000bcd   Thumb Code    26  nrfx_clock.o(i.nrfx_clock_init)
    nrfx_clock_lfclk_start                   0x00000bed   Thumb Code    64  nrfx_clock.o(i.nrfx_clock_lfclk_start)
    pvPortMalloc                             0x00001341   Thumb Code    68  heap_1.o(i.pvPortMalloc)
    pxPortInitialiseStack                    0x0000138d   Thumb Code    36  port_cmsis.o(i.pxPortInitialiseStack)
    uxListRemove                             0x000013c5   Thumb Code    38  list.o(i.uxListRemove)
    vListInitialise                          0x000013eb   Thumb Code    22  list.o(i.vListInitialise)
    vListInitialiseItem                      0x00001401   Thumb Code     6  list.o(i.vListInitialiseItem)
    vListInsert                              0x00001407   Thumb Code    48  list.o(i.vListInsert)
    vListInsertEnd                           0x00001437   Thumb Code    24  list.o(i.vListInsertEnd)
    vPortEnterCritical                       0x00001451   Thumb Code    16  port_cmsis.o(i.vPortEnterCritical)
    vPortExitCritical                        0x00001465   Thumb Code    16  port_cmsis.o(i.vPortExitCritical)
    vPortFree                                0x00001479   Thumb Code     2  heap_1.o(i.vPortFree)
    vPortSetupTimerInterrupt                 0x0000147d   Thumb Code    54  port_cmsis_systick.o(i.vPortSetupTimerInterrupt)
    vPortSuppressTicksAndSleep               0x000014bd   Thumb Code   152  port_cmsis_systick.o(i.vPortSuppressTicksAndSleep)
    vQueueAddToRegistry                      0x0000155d   Thumb Code    34  queue.o(i.vQueueAddToRegistry)
    vQueueWaitForMessageRestricted           0x00001585   Thumb Code    68  queue.o(i.vQueueWaitForMessageRestricted)
    vTaskDelay                               0x000015c9   Thumb Code    46  tasks.o(i.vTaskDelay)
    vTaskInternalSetTimeOutState             0x000015fd   Thumb Code    12  tasks.o(i.vTaskInternalSetTimeOutState)
    vTaskMissedYield                         0x0000160d   Thumb Code     8  tasks.o(i.vTaskMissedYield)
    vTaskPlaceOnEventList                    0x00001619   Thumb Code    26  tasks.o(i.vTaskPlaceOnEventList)
    vTaskPlaceOnEventListRestricted          0x00001639   Thumb Code    34  tasks.o(i.vTaskPlaceOnEventListRestricted)
    vTaskStartScheduler                      0x00001661   Thumb Code    64  tasks.o(i.vTaskStartScheduler)
    vTaskStepTick                            0x000016b1   Thumb Code    10  tasks.o(i.vTaskStepTick)
    vTaskSuspendAll                          0x000016c1   Thumb Code    10  tasks.o(i.vTaskSuspendAll)
    vTaskSwitchContext                       0x000016d1   Thumb Code    60  tasks.o(i.vTaskSwitchContext)
    xPortStartScheduler                      0x00001715   Thumb Code    58  port_cmsis.o(i.xPortStartScheduler)
    xQueueGenericCreate                      0x00001761   Thumb Code    54  queue.o(i.xQueueGenericCreate)
    xQueueGenericReset                       0x00001799   Thumb Code   114  queue.o(i.xQueueGenericReset)
    xQueueGenericSend                        0x00001811   Thumb Code   246  queue.o(i.xQueueGenericSend)
    xQueueGenericSendFromISR                 0x0000190d   Thumb Code   100  queue.o(i.xQueueGenericSendFromISR)
    xQueueReceive                            0x00001971   Thumb Code   240  queue.o(i.xQueueReceive)
    xTaskCheckForTimeOut                     0x00001a65   Thumb Code    76  tasks.o(i.xTaskCheckForTimeOut)
    xTaskCreate                              0x00001ab5   Thumb Code    86  tasks.o(i.xTaskCreate)
    xTaskGetSchedulerState                   0x00001b0d   Thumb Code    22  tasks.o(i.xTaskGetSchedulerState)
    xTaskGetTickCount                        0x00001b29   Thumb Code     6  tasks.o(i.xTaskGetTickCount)
    xTaskIncrementTick                       0x00001b35   Thumb Code   150  tasks.o(i.xTaskIncrementTick)
    xTaskPriorityDisinherit                  0x00001bd5   Thumb Code   102  tasks.o(i.xTaskPriorityDisinherit)
    xTaskRemoveFromEventList                 0x00001c45   Thumb Code    98  tasks.o(i.xTaskRemoveFromEventList)
    xTaskResumeAll                           0x00001cb1   Thumb Code   168  tasks.o(i.xTaskResumeAll)
    xTimerCreate                             0x00001d65   Thumb Code    56  timers.o(i.xTimerCreate)
    xTimerCreateTimerTask                    0x00001d9d   Thumb Code    42  timers.o(i.xTimerCreateTimerTask)
    xTimerGenericCommand                     0x00001dd9   Thumb Code    74  timers.o(i.xTimerGenericCommand)
    Region$$Table$$Base                      0x00001e38   Number         0  anon$$obj.o(Region$$Table)
    Region$$Table$$Limit                     0x00001e58   Number         0  anon$$obj.o(Region$$Table)
    led_toggle_task_handle                   0x20000000   Data           4  main.o(.data)
    led_toggle_timer_handle                  0x20000004   Data           4  main.o(.data)
    pxCurrentTCB                             0x20000014   Data           4  tasks.o(.data)
    SystemCoreClock                          0x20000070   Data           4  system_nrf52.o(.data)
    xQueueRegistry                           0x20001074   Data          16  queue.o(.bss)
    __initial_sp                             0x200031c0   Data           0  arm_startup_nrf52.o(STACK)



==============================================================================

Memory Map of the image

  Image Entry point : 0x00000201

  Load Region LR_IROM1 (Base: 0x00000000, Size: 0x00001ecc, Max: 0x00080000, ABSOLUTE)

    Execution Region ER_IROM1 (Exec base: 0x00000000, Load base: 0x00000000, Size: 0x00001e58, Max: 0x00080000, ABSOLUTE)

    Exec Addr    Load Addr    Size         Type   Attr      Idx    E Section Name        Object

    0x00000000   0x00000000   0x00000200   Data   RO         3300    RESET               arm_startup_nrf52.o
    0x00000200   0x00000200   0x00000000   Code   RO         3341  * .ARM.Collect$$$$00000000  mc_w.l(entry.o)
    0x00000200   0x00000200   0x00000004   Code   RO         3354    .ARM.Collect$$$$00000001  mc_w.l(entry2.o)
    0x00000204   0x00000204   0x00000004   Code   RO         3357    .ARM.Collect$$$$00000004  mc_w.l(entry5.o)
    0x00000208   0x00000208   0x00000000   Code   RO         3359    .ARM.Collect$$$$00000008  mc_w.l(entry7b.o)
    0x00000208   0x00000208   0x00000000   Code   RO         3361    .ARM.Collect$$$$0000000A  mc_w.l(entry8b.o)
    0x00000208   0x00000208   0x00000008   Code   RO         3362    .ARM.Collect$$$$0000000B  mc_w.l(entry9a.o)
    0x00000210   0x00000210   0x00000000   Code   RO         3364    .ARM.Collect$$$$0000000D  mc_w.l(entry10a.o)
    0x00000210   0x00000210   0x00000000   Code   RO         3366    .ARM.Collect$$$$0000000F  mc_w.l(entry11a.o)
    0x00000210   0x00000210   0x00000004   Code   RO         3355    .ARM.Collect$$$$00002712  mc_w.l(entry2.o)
    0x00000214   0x00000214   0x00000098   Code   RO          673    .emb_text           port.o
    0x000002ac   0x000002ac   0x00000024   Code   RO         3301    .text               arm_startup_nrf52.o
    0x000002d0   0x000002d0   0x00000024   Code   RO         3346    .text               mc_w.l(memcpya.o)
    0x000002f4   0x000002f4   0x00000024   Code   RO         3348    .text               mc_w.l(memseta.o)
    0x00000318   0x00000318   0x00000024   Code   RO         3368    .text               mc_w.l(init.o)
    0x0000033c   0x0000033c   0x000000a4   Code   RO         2186    i.GPIOTE_IRQHandler  nrfx_gpiote.o
    0x000003e0   0x000003e0   0x00000058   Code   RO         2050    i.POWER_CLOCK_IRQHandler  nrfx_clock.o
    0x00000438   0x00000438   0x00000068   Code   RO          758    i.RTC1_IRQHandler   port_cmsis_systick.o
    0x000004a0   0x000004a0   0x0000031c   Code   RO         3309    i.SystemInit        system_nrf52.o
    0x000007bc   0x000007bc   0x0000000e   Code   RO         3372    i.__scatterload_copy  mc_w.l(handlers.o)
    0x000007ca   0x000007ca   0x00000002   Code   RO         3373    i.__scatterload_null  mc_w.l(handlers.o)
    0x000007cc   0x000007cc   0x0000000e   Code   RO         3374    i.__scatterload_zeroinit  mc_w.l(handlers.o)
    0x000007da   0x000007da   0x00000002   PAD
    0x000007dc   0x000007dc   0x00000030   Code   RO         2644    i.app_error_fault_handler  app_error_weak.o
    0x0000080c   0x0000080c   0x00000016   Code   RO         2584    i.app_error_handler_bare  app_error.o
    0x00000822   0x00000822   0x00000004   Code   RO         2754    i.app_util_critical_region_enter  app_util_platform.o
    0x00000826   0x00000826   0x00000004   Code   RO         2755    i.app_util_critical_region_exit  app_util_platform.o
    0x0000082a   0x0000082a   0x00000002   PAD
    0x0000082c   0x0000082c   0x00000010   Code   RO         2756    i.app_util_disable_irq  app_util_platform.o
    0x0000083c   0x0000083c   0x00000014   Code   RO         2757    i.app_util_enable_irq  app_util_platform.o
    0x00000850   0x00000850   0x00000054   Code   RO          224    i.bsp_board_init    boards.o
    0x000008a4   0x000008a4   0x00000024   Code   RO          226    i.bsp_board_led_invert  boards.o
    0x000008c8   0x000008c8   0x00000010   Code   RO          227    i.bsp_board_led_off  boards.o
    0x000008d8   0x000008d8   0x00000012   Code   RO          230    i.bsp_board_leds_off  boards.o
    0x000008ea   0x000008ea   0x00000002   PAD
    0x000008ec   0x000008ec   0x00000010   Code   RO         2189    i.channel_port_get  nrfx_gpiote.o
    0x000008fc   0x000008fc   0x00000028   Code   RO         1640    i.clock_clk_started_notify  nrf_drv_clock.o
    0x00000924   0x00000924   0x0000001c   Code   RO         1641    i.clock_irq_handler  nrf_drv_clock.o
    0x00000940   0x00000940   0x00000030   Code   RO         1161    i.eTaskConfirmSleepModeStatus  tasks.o
    0x00000970   0x00000970   0x00000016   Code   RO         1642    i.item_enqueue      nrf_drv_clock.o
    0x00000986   0x00000986   0x0000000e   Code   RO            4    i.led_toggle_task_function  main.o
    0x00000994   0x00000994   0x00000006   Code   RO            5    i.led_toggle_timer_callback  main.o
    0x0000099a   0x0000099a   0x00000002   PAD
    0x0000099c   0x0000099c   0x00000084   Code   RO            6    i.main              main.o
    0x00000a20   0x00000a20   0x00000010   Code   RO         2190    i.nrf_bitmask_bit_is_set  nrfx_gpiote.o
    0x00000a30   0x00000a30   0x0000000e   Code   RO         2051    i.nrf_clock_event_check  nrfx_clock.o
    0x00000a3e   0x00000a3e   0x00000010   Code   RO         2052    i.nrf_clock_event_clear  nrfx_clock.o
    0x00000a4e   0x00000a4e   0x00000002   PAD
    0x00000a50   0x00000a50   0x0000003c   Code   RO         1648    i.nrf_drv_clock_init  nrf_drv_clock.o
    0x00000a8c   0x00000a8c   0x00000048   Code   RO         1653    i.nrf_drv_clock_lfclk_request  nrf_drv_clock.o
    0x00000ad4   0x00000ad4   0x00000024   Code   RO          234    i.nrf_gpio_cfg      boards.o
    0x00000af8   0x00000af8   0x00000022   Code   RO         2193    i.nrf_gpio_cfg_sense_set  nrfx_gpiote.o
    0x00000b1a   0x00000b1a   0x00000002   PAD
    0x00000b1c   0x00000b1c   0x0000002c   Code   RO         2194    i.nrf_gpio_latches_read_and_clear  nrfx_gpiote.o
    0x00000b48   0x00000b48   0x00000016   Code   RO          235    i.nrf_gpio_pin_write  boards.o
    0x00000b5e   0x00000b5e   0x00000002   PAD
    0x00000b60   0x00000b60   0x00000014   Code   RO         2196    i.nrf_gpiote_event_clear  nrfx_gpiote.o
    0x00000b74   0x00000b74   0x00000010   Code   RO         2197    i.nrf_gpiote_event_is_set  nrfx_gpiote.o
    0x00000b84   0x00000b84   0x0000000c   Code   RO          759    i.nrf_rtc_event_clear  port_cmsis_systick.o
    0x00000b90   0x00000b90   0x00000010   Code   RO         1655    i.nrf_wdt_started   nrf_drv_clock.o
    0x00000ba0   0x00000ba0   0x0000002c   Code   RO         2057    i.nrfx_clock_enable  nrfx_clock.o
    0x00000bcc   0x00000bcc   0x00000020   Code   RO         2060    i.nrfx_clock_init   nrfx_clock.o
    0x00000bec   0x00000bec   0x0000004c   Code   RO         2062    i.nrfx_clock_lfclk_start  nrfx_clock.o
    0x00000c38   0x00000c38   0x000000b4   Code   RO         2230    i.port_event_handle  nrfx_gpiote.o
    0x00000cec   0x00000cec   0x00000010   Code   RO         2231    i.port_handler_polarity_get  nrfx_gpiote.o
    0x00000cfc   0x00000cfc   0x00000070   Code   RO         1164    i.prvAddCurrentTaskToDelayedList  tasks.o
    0x00000d6c   0x00000d6c   0x000000d0   Code   RO         1165    i.prvAddNewTaskToReadyList  tasks.o
    0x00000e3c   0x00000e3c   0x00000050   Code   RO         1513    i.prvCheckForValidListAndQueue  timers.o
    0x00000e8c   0x00000e8c   0x00000026   Code   RO          810    i.prvCopyDataFromQueue  queue.o
    0x00000eb2   0x00000eb2   0x0000006c   Code   RO          811    i.prvCopyDataToQueue  queue.o
    0x00000f1e   0x00000f1e   0x00000014   Code   RO         1166    i.prvDeleteTCB      tasks.o
    0x00000f32   0x00000f32   0x00000002   PAD
    0x00000f34   0x00000f34   0x00000034   Code   RO         1167    i.prvGetExpectedIdleTime  tasks.o
    0x00000f68   0x00000f68   0x00000078   Code   RO         1168    i.prvIdleTask       tasks.o
    0x00000fe0   0x00000fe0   0x0000008a   Code   RO         1169    i.prvInitialiseNewTask  tasks.o
    0x0000106a   0x0000106a   0x00000002   PAD
    0x0000106c   0x0000106c   0x00000038   Code   RO         1514    i.prvInsertTimerInActiveList  timers.o
    0x000010a4   0x000010a4   0x0000001c   Code   RO          812    i.prvIsQueueEmpty   queue.o
    0x000010c0   0x000010c0   0x000000a4   Code   RO         1515    i.prvProcessReceivedCommands  timers.o
    0x00001164   0x00001164   0x000000a4   Code   RO         1516    i.prvProcessTimerOrBlockTask  timers.o
    0x00001208   0x00001208   0x00000020   Code   RO         1170    i.prvResetNextTaskUnblockTime  tasks.o
    0x00001228   0x00001228   0x00000028   Code   RO         1517    i.prvSampleTimeNow  timers.o
    0x00001250   0x00001250   0x00000058   Code   RO         1518    i.prvSwitchTimerLists  timers.o
    0x000012a8   0x000012a8   0x00000008   Code   RO          695    i.prvTaskExitError  port_cmsis.o
    0x000012b0   0x000012b0   0x00000024   Code   RO         1519    i.prvTimerTask      timers.o
    0x000012d4   0x000012d4   0x0000006a   Code   RO          813    i.prvUnlockQueue    queue.o
    0x0000133e   0x0000133e   0x00000002   PAD
    0x00001340   0x00001340   0x0000004c   Code   RO          577    i.pvPortMalloc      heap_1.o
    0x0000138c   0x0000138c   0x0000002c   Code   RO          696    i.pxPortInitialiseStack  port_cmsis.o
    0x000013b8   0x000013b8   0x0000000c   Code   RO          814    i.ulPortRaiseBASEPRI  queue.o
    0x000013c4   0x000013c4   0x00000026   Code   RO          625    i.uxListRemove      list.o
    0x000013ea   0x000013ea   0x00000016   Code   RO          626    i.vListInitialise   list.o
    0x00001400   0x00001400   0x00000006   Code   RO          627    i.vListInitialiseItem  list.o
    0x00001406   0x00001406   0x00000030   Code   RO          628    i.vListInsert       list.o
    0x00001436   0x00001436   0x00000018   Code   RO          629    i.vListInsertEnd    list.o
    0x0000144e   0x0000144e   0x00000002   PAD
    0x00001450   0x00001450   0x00000014   Code   RO          698    i.vPortEnterCritical  port_cmsis.o
    0x00001464   0x00001464   0x00000014   Code   RO          699    i.vPortExitCritical  port_cmsis.o
    0x00001478   0x00001478   0x00000002   Code   RO          578    i.vPortFree         heap_1.o
    0x0000147a   0x0000147a   0x00000002   PAD
    0x0000147c   0x0000147c   0x00000040   Code   RO          760    i.vPortSetupTimerInterrupt  port_cmsis_systick.o
    0x000014bc   0x000014bc   0x000000a0   Code   RO          761    i.vPortSuppressTicksAndSleep  port_cmsis_systick.o
    0x0000155c   0x0000155c   0x00000028   Code   RO          818    i.vQueueAddToRegistry  queue.o
    0x00001584   0x00001584   0x00000044   Code   RO          821    i.vQueueWaitForMessageRestricted  queue.o
    0x000015c8   0x000015c8   0x00000034   Code   RO         1180    i.vTaskDelay        tasks.o
    0x000015fc   0x000015fc   0x00000010   Code   RO         1184    i.vTaskInternalSetTimeOutState  tasks.o
    0x0000160c   0x0000160c   0x0000000c   Code   RO         1185    i.vTaskMissedYield  tasks.o
    0x00001618   0x00001618   0x00000020   Code   RO         1187    i.vTaskPlaceOnEventList  tasks.o
    0x00001638   0x00001638   0x00000028   Code   RO         1188    i.vTaskPlaceOnEventListRestricted  tasks.o
    0x00001660   0x00001660   0x00000050   Code   RO         1195    i.vTaskStartScheduler  tasks.o
    0x000016b0   0x000016b0   0x00000010   Code   RO         1196    i.vTaskStepTick     tasks.o
    0x000016c0   0x000016c0   0x00000010   Code   RO         1198    i.vTaskSuspendAll   tasks.o
    0x000016d0   0x000016d0   0x00000044   Code   RO         1199    i.vTaskSwitchContext  tasks.o
    0x00001714   0x00001714   0x0000004c   Code   RO          700    i.xPortStartScheduler  port_cmsis.o
    0x00001760   0x00001760   0x00000036   Code   RO          824    i.xQueueGenericCreate  queue.o
    0x00001796   0x00001796   0x00000002   PAD
    0x00001798   0x00001798   0x00000078   Code   RO          825    i.xQueueGenericReset  queue.o
    0x00001810   0x00001810   0x000000fc   Code   RO          826    i.xQueueGenericSend  queue.o
    0x0000190c   0x0000190c   0x00000064   Code   RO          827    i.xQueueGenericSendFromISR  queue.o
    0x00001970   0x00001970   0x000000f4   Code   RO          834    i.xQueueReceive     queue.o
    0x00001a64   0x00001a64   0x00000050   Code   RO         1200    i.xTaskCheckForTimeOut  tasks.o
    0x00001ab4   0x00001ab4   0x00000056   Code   RO         1201    i.xTaskCreate       tasks.o
    0x00001b0a   0x00001b0a   0x00000002   PAD
    0x00001b0c   0x00001b0c   0x0000001c   Code   RO         1206    i.xTaskGetSchedulerState  tasks.o
    0x00001b28   0x00001b28   0x0000000c   Code   RO         1207    i.xTaskGetTickCount  tasks.o
    0x00001b34   0x00001b34   0x000000a0   Code   RO         1209    i.xTaskIncrementTick  tasks.o
    0x00001bd4   0x00001bd4   0x00000070   Code   RO         1212    i.xTaskPriorityDisinherit  tasks.o
    0x00001c44   0x00001c44   0x0000006c   Code   RO         1214    i.xTaskRemoveFromEventList  tasks.o
    0x00001cb0   0x00001cb0   0x000000b4   Code   RO         1215    i.xTaskResumeAll    tasks.o
    0x00001d64   0x00001d64   0x00000038   Code   RO         1522    i.xTimerCreate      timers.o
    0x00001d9c   0x00001d9c   0x0000003c   Code   RO         1523    i.xTimerCreateTimerTask  timers.o
    0x00001dd8   0x00001dd8   0x00000050   Code   RO         1524    i.xTimerGenericCommand  timers.o
    0x00001e28   0x00001e28   0x00000008   Data   RO          236    .constdata          boards.o
    0x00001e30   0x00001e30   0x00000004   Data   RO          701    .constdata          port_cmsis.o
    0x00001e34   0x00001e34   0x00000004   Data   RO         2233    .constdata          nrfx_gpiote.o
    0x00001e38   0x00001e38   0x00000020   Data   RO         3370    Region$$Table       anon$$obj.o


    Execution Region RW_IRAM1 (Exec base: 0x20000000, Load base: 0x00001e58, Size: 0x000031c0, Max: 0x00010000, ABSOLUTE)

    Exec Addr    Load Addr    Size         Type   Attr      Idx    E Section Name        Object

    0x20000000   0x00001e58   0x00000008   Data   RW            7    .data               main.o
    0x20000008   0x00001e60   0x00000008   Data   RW          582    .data               heap_1.o
    0x20000010   0x00001e68   0x00000004   Data   RW          702    .data               port_cmsis.o
    0x20000014   0x00001e6c   0x0000003c   Data   RW         1218    .data               tasks.o
    0x20000050   0x00001ea8   0x00000014   Data   RW         1532    .data               timers.o
    0x20000064   0x00001ebc   0x00000008   Data   RW         2067    .data               nrfx_clock.o
    0x2000006c   0x00001ec4   0x00000004   Data   RW         2760    .data               app_util_platform.o
    0x20000070   0x00001ec8   0x00000004   Data   RW         3310    .data               system_nrf52.o
    0x20000074        -       0x00001000   Zero   RW          581    .bss                heap_1.o
    0x20001074        -       0x00000010   Zero   RW          838    .bss                queue.o
    0x20001084        -       0x000000a0   Zero   RW         1217    .bss                tasks.o
    0x20001124        -       0x00000028   Zero   RW         1531    .bss                timers.o
    0x2000114c        -       0x00000014   Zero   RW         1656    .bss                nrf_drv_clock.o
    0x20001160        -       0x0000005c   Zero   RW         2232    .bss                nrfx_gpiote.o
    0x200011bc   0x00001ecc   0x00000004   PAD
    0x200011c0        -       0x00002000   Zero   RW         3298    STACK               arm_startup_nrf52.o


==============================================================================

Image component sizes


      Code (inc. data)   RO Data    RW Data    ZI Data      Debug   Object Name

        22          0          0          0          0       2521   app_error.o
        48          8          0          0          0      27389   app_error_weak.o
        44         10          0          4          0       3396   app_util_platform.o
        36          8        512          0       8192        936   arm_startup_nrf52.o
       212         14          8          0          0       9504   boards.o
         0          0          0          0          0      14008   event_groups.o
        78          8          0          8       4096       2519   heap_1.o
       138          0          0          0          0       4014   list.o
       152         34          0          8          0      51832   main.o
       238         28          0          0         20      12611   nrf_drv_clock.o
       270         34          0          8          0      42499   nrfx_clock.o
       506         38          4          0         92      21486   nrfx_gpiote.o
       152         14          0          0          0        704   port.o
       168         34          4          4          0      36074   port_cmsis.o
       340         26          0          0          0      33529   port_cmsis_systick.o
      1170         22          0          0         16      16798   queue.o
       796         70          0          4          0       3019   system_nrf52.o
      1828        180          0         60        160      24614   tasks.o
       824         82          0         20         40      10922   timers.o

    ----------------------------------------------------------------------
      7048        610        560        116      12620     318375   Object Totals
         0          0         32          0          0          0   (incl. Generated)
        26          0          0          0          4          0   (incl. Padding)

    ----------------------------------------------------------------------

      Code (inc. data)   RO Data    RW Data    ZI Data      Debug   Library Member Name

         0          0          0          0          0          0   entry.o
         0          0          0          0          0          0   entry10a.o
         0          0          0          0          0          0   entry11a.o
         8          4          0          0          0          0   entry2.o
         4          0          0          0          0          0   entry5.o
         0          0          0          0          0          0   entry7b.o
         0          0          0          0          0          0   entry8b.o
         8          4          0          0          0          0   entry9a.o
        30          0          0          0          0          0   handlers.o
        36          8          0          0          0         68   init.o
        36          0          0          0          0         68   memcpya.o
        36          0          0          0          0        108   memseta.o

    ----------------------------------------------------------------------
       160         16          0          0          0        244   Library Totals
         2          0          0          0          0          0   (incl. Padding)

    ----------------------------------------------------------------------

      Code (inc. data)   RO Data    RW Data    ZI Data      Debug   Library Name

       158         16          0          0          0        244   mc_w.l

    ----------------------------------------------------------------------
       160         16          0          0          0        244   Library Totals

    ----------------------------------------------------------------------

==============================================================================


      Code (inc. data)   RO Data    RW Data    ZI Data      Debug   

      7208        626        560        116      12620     309271   Grand Totals
      7208        626        560        116      12620     309271   ELF Image Totals
      7208        626        560        116          0          0   ROM Totals

==============================================================================

    Total RO  Size (Code + RO Data)                 7768 (   7.59kB)
    Total RW  Size (RW Data + ZI Data)             12736 (  12.44kB)
    Total ROM Size (Code + RO Data + RW Data)       7884 (   7.70kB)

==============================================================================

